Archive member included to satisfy reference by file (symbol)

/home/ramesh720/Desktop/Mtech/FPGA_LAB/ass5_installs/qorc-sdk/arm_toolchain_install/gcc-arm-none-eabi-9-2020-q2-update/bin/../lib/gcc/arm-none-eabi/9.3.1/thumb/v7e-m+fp/hard/libgcc.a(_arm_muldf3.o)
                              /home/ramesh720/Desktop/Mtech/FPGA_LAB/Assignment6/GCC_Project/output/ql_test_signals.o (__aeabi_dmul)
/home/ramesh720/Desktop/Mtech/FPGA_LAB/ass5_installs/qorc-sdk/arm_toolchain_install/gcc-arm-none-eabi-9-2020-q2-update/bin/../lib/gcc/arm-none-eabi/9.3.1/thumb/v7e-m+fp/hard/libgcc.a(_arm_addsubdf3.o)
                              /home/ramesh720/Desktop/Mtech/FPGA_LAB/Assignment6/GCC_Project/output/ql_test_signals.o (__aeabi_dadd)
/home/ramesh720/Desktop/Mtech/FPGA_LAB/ass5_installs/qorc-sdk/arm_toolchain_install/gcc-arm-none-eabi-9-2020-q2-update/bin/../lib/gcc/arm-none-eabi/9.3.1/thumb/v7e-m+fp/hard/libgcc.a(_arm_muldivdf3.o)
                              /home/ramesh720/Desktop/Mtech/FPGA_LAB/Assignment6/GCC_Project/output/eoss3_hal_i2c.o (__aeabi_ddiv)
/home/ramesh720/Desktop/Mtech/FPGA_LAB/ass5_installs/qorc-sdk/arm_toolchain_install/gcc-arm-none-eabi-9-2020-q2-update/bin/../lib/gcc/arm-none-eabi/9.3.1/thumb/v7e-m+fp/hard/libgcc.a(_arm_fixdfsi.o)
                              /home/ramesh720/Desktop/Mtech/FPGA_LAB/Assignment6/GCC_Project/output/ql_test_signals.o (__aeabi_d2iz)
/home/ramesh720/Desktop/Mtech/FPGA_LAB/ass5_installs/qorc-sdk/arm_toolchain_install/gcc-arm-none-eabi-9-2020-q2-update/bin/../lib/gcc/arm-none-eabi/9.3.1/thumb/v7e-m+fp/hard/libgcc.a(_arm_truncdfsf2.o)
                              /home/ramesh720/Desktop/Mtech/FPGA_LAB/Assignment6/GCC_Project/output/eoss3_hal_i2c.o (__aeabi_d2f)
/home/ramesh720/Desktop/Mtech/FPGA_LAB/ass5_installs/qorc-sdk/arm_toolchain_install/gcc-arm-none-eabi-9-2020-q2-update/bin/../lib/gcc/arm-none-eabi/9.3.1/thumb/v7e-m+fp/hard/libgcc.a(_aeabi_ldivmod.o)
                              /home/ramesh720/Desktop/Mtech/FPGA_LAB/Assignment6/GCC_Project/output/dbg_uart.o (__aeabi_ldivmod)
/home/ramesh720/Desktop/Mtech/FPGA_LAB/ass5_installs/qorc-sdk/arm_toolchain_install/gcc-arm-none-eabi-9-2020-q2-update/bin/../lib/gcc/arm-none-eabi/9.3.1/thumb/v7e-m+fp/hard/libgcc.a(_aeabi_uldivmod.o)
                              /home/ramesh720/Desktop/Mtech/FPGA_LAB/Assignment6/GCC_Project/output/s3x_lpm.o (__aeabi_uldivmod)
/home/ramesh720/Desktop/Mtech/FPGA_LAB/ass5_installs/qorc-sdk/arm_toolchain_install/gcc-arm-none-eabi-9-2020-q2-update/bin/../lib/gcc/arm-none-eabi/9.3.1/thumb/v7e-m+fp/hard/libgcc.a(_udivmoddi4.o)
                              /home/ramesh720/Desktop/Mtech/FPGA_LAB/ass5_installs/qorc-sdk/arm_toolchain_install/gcc-arm-none-eabi-9-2020-q2-update/bin/../lib/gcc/arm-none-eabi/9.3.1/thumb/v7e-m+fp/hard/libgcc.a(_aeabi_ldivmod.o) (__udivmoddi4)
/home/ramesh720/Desktop/Mtech/FPGA_LAB/ass5_installs/qorc-sdk/arm_toolchain_install/gcc-arm-none-eabi-9-2020-q2-update/bin/../lib/gcc/arm-none-eabi/9.3.1/thumb/v7e-m+fp/hard/libgcc.a(_dvmd_tls.o)
                              /home/ramesh720/Desktop/Mtech/FPGA_LAB/ass5_installs/qorc-sdk/arm_toolchain_install/gcc-arm-none-eabi-9-2020-q2-update/bin/../lib/gcc/arm-none-eabi/9.3.1/thumb/v7e-m+fp/hard/libgcc.a(_aeabi_ldivmod.o) (__aeabi_ldiv0)
/home/ramesh720/Desktop/Mtech/FPGA_LAB/ass5_installs/qorc-sdk/arm_toolchain_install/gcc-arm-none-eabi-9-2020-q2-update/bin/../lib/gcc/arm-none-eabi/9.3.1/../../../../arm-none-eabi/lib/thumb/v7e-m+fp/hard/libg_nano.a(lib_a-exit.o)
                              /home/ramesh720/Desktop/Mtech/FPGA_LAB/ass5_installs/qorc-sdk/arm_toolchain_install/gcc-arm-none-eabi-9-2020-q2-update/bin/../lib/gcc/arm-none-eabi/9.3.1/../../../../arm-none-eabi/lib/thumb/v7e-m+fp/hard/crt0.o (exit)
/home/ramesh720/Desktop/Mtech/FPGA_LAB/ass5_installs/qorc-sdk/arm_toolchain_install/gcc-arm-none-eabi-9-2020-q2-update/bin/../lib/gcc/arm-none-eabi/9.3.1/../../../../arm-none-eabi/lib/thumb/v7e-m+fp/hard/libg_nano.a(lib_a-impure.o)
                              /home/ramesh720/Desktop/Mtech/FPGA_LAB/ass5_installs/qorc-sdk/arm_toolchain_install/gcc-arm-none-eabi-9-2020-q2-update/bin/../lib/gcc/arm-none-eabi/9.3.1/../../../../arm-none-eabi/lib/thumb/v7e-m+fp/hard/libg_nano.a(lib_a-exit.o) (_global_impure_ptr)
/home/ramesh720/Desktop/Mtech/FPGA_LAB/ass5_installs/qorc-sdk/arm_toolchain_install/gcc-arm-none-eabi-9-2020-q2-update/bin/../lib/gcc/arm-none-eabi/9.3.1/../../../../arm-none-eabi/lib/thumb/v7e-m+fp/hard/libg_nano.a(lib_a-init.o)
                              /home/ramesh720/Desktop/Mtech/FPGA_LAB/ass5_installs/qorc-sdk/arm_toolchain_install/gcc-arm-none-eabi-9-2020-q2-update/bin/../lib/gcc/arm-none-eabi/9.3.1/../../../../arm-none-eabi/lib/thumb/v7e-m+fp/hard/crt0.o (__libc_init_array)
/home/ramesh720/Desktop/Mtech/FPGA_LAB/ass5_installs/qorc-sdk/arm_toolchain_install/gcc-arm-none-eabi-9-2020-q2-update/bin/../lib/gcc/arm-none-eabi/9.3.1/../../../../arm-none-eabi/lib/thumb/v7e-m+fp/hard/libg_nano.a(lib_a-malloc.o)
[...]
Memory Configuration

Name             Origin             Length             Attributes
rom              0x0000000000000000 0x0000000000027000 xr
ram              0x0000000020027000 0x000000000003c800 xrw
spiram           0x0000000020063800 0x0000000000000800 rw
HWA              0x0000000020064000 0x0000000000018000 rw
shm              0x000000002007c000 0x0000000000004000
*default*        0x0000000000000000 0xffffffffffffffff

Linker script and memory map

LOAD /home/ramesh720/Desktop/Mtech/FPGA_LAB/ass5_installs/qorc-sdk/arm_toolchain_install/gcc-arm-none-eabi-9-2020-q2-update/bin/../lib/gcc/arm-none-eabi/9.3.1/thumb/v7e-m+fp/hard/crti.o
LOAD /home/ramesh720/Desktop/Mtech/FPGA_LAB/ass5_installs/qorc-sdk/arm_toolchain_install/gcc-arm-none-eabi-9-2020-q2-update/bin/../lib/gcc/arm-none-eabi/9.3.1/thumb/v7e-m+fp/hard/crtbegin.o
LOAD /home/ramesh720/Desktop/Mtech/FPGA_LAB/ass5_installs/qorc-sdk/arm_toolchain_install/gcc-arm-none-eabi-9-2020-q2-update/bin/../lib/gcc/arm-none-eabi/9.3.1/../../../../arm-none-eabi/lib/thumb/v7e-m+fp/hard/crt0.o
LOAD /home/ramesh720/Desktop/Mtech/FPGA_LAB/Assignment6/GCC_Project/output/battery_level_monitor.o
LOAD /home/ramesh720/Desktop/Mtech/FPGA_LAB/Assignment6/GCC_Project/output/c_lib_retarget.o
LOAD /home/ramesh720/Desktop/Mtech/FPGA_LAB/Assignment6/GCC_Project/output/circularBuffQueue.o
LOAD /home/ramesh720/Desktop/Mtech/FPGA_LAB/Assignment6/GCC_Project/output/cli_args.o
LOAD /home/ramesh720/Desktop/Mtech/FPGA_LAB/Assignment6/GCC_Project/output/cli_hexdump.o
LOAD /home/ramesh720/Desktop/Mtech/FPGA_LAB/Assignment6/GCC_Project/output/cli_io.o
LOAD /home/ramesh720/Desktop/Mtech/FPGA_LAB/Assignment6/GCC_Project/output/cli_loop.o
LOAD /home/ramesh720/Desktop/Mtech/FPGA_LAB/Assignment6/GCC_Project/output/cli_misc.o
LOAD /home/ramesh720/Desktop/Mtech/FPGA_LAB/Assignment6/GCC_Project/output/cli_platform.o
LOAD /home/ramesh720/Desktop/Mtech/FPGA_LAB/Assignment6/GCC_Project/output/cli_stdcmds.o
LOAD /home/ramesh720/Desktop/Mtech/FPGA_LAB/Assignment6/GCC_Project/output/crc16.o
LOAD /home/ramesh720/Desktop/Mtech/FPGA_LAB/Assignment6/GCC_Project/output/crc32.o
LOAD /home/ramesh720/Desktop/Mtech/FPGA_LAB/Assignment6/GCC_Project/output/croutine.o
LOAD /home/ramesh720/Desktop/Mtech/FPGA_LAB/Assignment6/GCC_Project/output/dbg_bufferedprinttask.o
LOAD /home/ramesh720/Desktop/Mtech/FPGA_LAB/Assignment6/GCC_Project/output/dbg_queue_monitor.o
LOAD /home/ramesh720/Desktop/Mtech/FPGA_LAB/Assignment6/GCC_Project/output/dbg_uart.o
LOAD /home/ramesh720/Desktop/Mtech/FPGA_LAB/Assignment6/GCC_Project/output/dbgtrace.o
LOAD /home/ramesh720/Desktop/Mtech/FPGA_LAB/Assignment6/GCC_Project/output/eoss3_hal_adc.o
LOAD /home/ramesh720/Desktop/Mtech/FPGA_LAB/Assignment6/GCC_Project/output/eoss3_hal_gpio.o
LOAD /home/ramesh720/Desktop/Mtech/FPGA_LAB/Assignment6/GCC_Project/output/eoss3_hal_i2c.o
LOAD /home/ramesh720/Desktop/Mtech/FPGA_LAB/Assignment6/GCC_Project/output/eoss3_hal_i2s.o
LOAD /home/ramesh720/Desktop/Mtech/FPGA_LAB/Assignment6/GCC_Project/output/eoss3_hal_i2s_slave_assp.o
LOAD /home/ramesh720/Desktop/Mtech/FPGA_LAB/Assignment6/GCC_Project/output/eoss3_hal_pad_config.o
LOAD /home/ramesh720/Desktop/Mtech/FPGA_LAB/Assignment6/GCC_Project/output/eoss3_hal_pkfb.o
LOAD /home/ramesh720/Desktop/Mtech/FPGA_LAB/Assignment6/GCC_Project/output/eoss3_hal_rtc.o
LOAD /home/ramesh720/Desktop/Mtech/FPGA_LAB/Assignment6/GCC_Project/output/eoss3_hal_sdma.o
LOAD /home/ramesh720/Desktop/Mtech/FPGA_LAB/Assignment6/GCC_Project/output/eoss3_hal_spi.o
LOAD /home/ramesh720/Desktop/Mtech/FPGA_LAB/Assignment6/GCC_Project/output/eoss3_hal_timer.o
LOAD /home/ramesh720/Desktop/Mtech/FPGA_LAB/Assignment6/GCC_Project/output/eoss3_hal_uart.o
LOAD /home/ramesh720/Desktop/Mtech/FPGA_LAB/Assignment6/GCC_Project/output/eoss3_hal_wb.o
LOAD /home/ramesh720/Desktop/Mtech/FPGA_LAB/Assignment6/GCC_Project/output/eoss3_hal_wdt.o
LOAD /home/ramesh720/Desktop/Mtech/FPGA_LAB/Assignment6/GCC_Project/output/event_groups.o
LOAD /home/ramesh720/Desktop/Mtech/FPGA_LAB/Assignment6/GCC_Project/output/exceptions.o
LOAD /home/ramesh720/Desktop/Mtech/FPGA_LAB/Assignment6/GCC_Project/output/freertos_static_memory.o
LOAD /home/ramesh720/Desktop/Mtech/FPGA_LAB/Assignment6/GCC_Project/output/heap_4.o
LOAD /home/ramesh720/Desktop/Mtech/FPGA_LAB/Assignment6/GCC_Project/output/hearable_pwrcfg.o
LOAD /home/ramesh720/Desktop/Mtech/FPGA_LAB/Assignment6/GCC_Project/output/leds.o
LOAD /home/ramesh720/Desktop/Mtech/FPGA_LAB/Assignment6/GCC_Project/output/list.o
LOAD /home/ramesh720/Desktop/Mtech/FPGA_LAB/Assignment6/GCC_Project/output/main.o
LOAD /home/ramesh720/Desktop/Mtech/FPGA_LAB/Assignment6/GCC_Project/output/main_dbg_cli_menu.o
LOAD /home/ramesh720/Desktop/Mtech/FPGA_LAB/Assignment6/GCC_Project/output/pincfg_table.o
LOAD /home/ramesh720/Desktop/Mtech/FPGA_LAB/Assignment6/GCC_Project/output/port.o
LOAD /home/ramesh720/Desktop/Mtech/FPGA_LAB/Assignment6/GCC_Project/output/qf_baremetalsetup.o
LOAD /home/ramesh720/Desktop/Mtech/FPGA_LAB/Assignment6/GCC_Project/output/qf_hardwaresetup.o
LOAD /home/ramesh720/Desktop/Mtech/FPGA_LAB/Assignment6/GCC_Project/output/ql_base64.o
LOAD /home/ramesh720/Desktop/Mtech/FPGA_LAB/Assignment6/GCC_Project/output/ql_stackwatermark.o
LOAD /home/ramesh720/Desktop/Mtech/FPGA_LAB/Assignment6/GCC_Project/output/ql_test_signals.o
LOAD /home/ramesh720/Desktop/Mtech/FPGA_LAB/Assignment6/GCC_Project/output/ql_time.o
LOAD /home/ramesh720/Desktop/Mtech/FPGA_LAB/Assignment6/GCC_Project/output/queue.o
LOAD /home/ramesh720/Desktop/Mtech/FPGA_LAB/Assignment6/GCC_Project/output/s3x_clock.o
LOAD /home/ramesh720/Desktop/Mtech/FPGA_LAB/Assignment6/GCC_Project/output/s3x_clock_hal.o
LOAD /home/ramesh720/Desktop/Mtech/FPGA_LAB/Assignment6/GCC_Project/output/s3x_cpuload.o
LOAD /home/ramesh720/Desktop/Mtech/FPGA_LAB/Assignment6/GCC_Project/output/s3x_dfs.o
LOAD /home/ramesh720/Desktop/Mtech/FPGA_LAB/Assignment6/GCC_Project/output/s3x_lpm.o
LOAD /home/ramesh720/Desktop/Mtech/FPGA_LAB/Assignment6/GCC_Project/output/s3x_pi.o
LOAD /home/ramesh720/Desktop/Mtech/FPGA_LAB/Assignment6/GCC_Project/output/s3x_pwrcfg.o
LOAD /home/ramesh720/Desktop/Mtech/FPGA_LAB/Assignment6/GCC_Project/output/s3x_qos.o
LOAD /home/ramesh720/Desktop/Mtech/FPGA_LAB/Assignment6/GCC_Project/output/sec_debug.o
LOAD /home/ramesh720/Desktop/Mtech/FPGA_LAB/Assignment6/GCC_Project/output/spi_flash.o
LOAD /home/ramesh720/Desktop/Mtech/FPGA_LAB/Assignment6/GCC_Project/output/startup_EOSS3B_GCC.o
LOAD /home/ramesh720/Desktop/Mtech/FPGA_LAB/Assignment6/GCC_Project/output/stream_buffer.o
LOAD /home/ramesh720/Desktop/Mtech/FPGA_LAB/Assignment6/GCC_Project/output/tasks.o
LOAD /home/ramesh720/Desktop/Mtech/FPGA_LAB/Assignment6/GCC_Project/output/timers.o
LOAD /home/ramesh720/Desktop/Mtech/FPGA_LAB/Assignment6/GCC_Project/output/vectors_CM4F_gcc.o
LOAD /home/ramesh720/Desktop/Mtech/FPGA_LAB/Assignment6/GCC_Project/output/watchdog.o
LOAD /home/ramesh720/Desktop/Mtech/FPGA_LAB/ass5_installs/qorc-sdk/arm_toolchain_install/gcc-arm-none-eabi-9-2020-q2-update/bin/../lib/gcc/arm-none-eabi/9.3.1/../../../../arm-none-eabi/lib/thumb/v7e-m+fp/hard/libm.a
LOAD /home/ramesh720/Desktop/Mtech/FPGA_LAB/ass5_installs/qorc-sdk//Libraries/CMSIS/lib/GCC/libarm_cortexM4lf_math.a
START GROUP
LOAD /home/ramesh720/Desktop/Mtech/FPGA_LAB/ass5_installs/qorc-sdk/arm_toolchain_install/gcc-arm-none-eabi-9-2020-q2-update/bin/../lib/gcc/arm-none-eabi/9.3.1/thumb/v7e-m+fp/hard/libgcc.a
LOAD /home/ramesh720/Desktop/Mtech/FPGA_LAB/ass5_installs/qorc-sdk/arm_toolchain_install/gcc-arm-none-eabi-9-2020-q2-update/bin/../lib/gcc/arm-none-eabi/9.3.1/../../../../arm-none-eabi/lib/thumb/v7e-m+fp/hard/libg_nano.a
LOAD /home/ramesh720/Desktop/Mtech/FPGA_LAB/ass5_installs/qorc-sdk/arm_toolchain_install/gcc-arm-none-eabi-9-2020-q2-update/bin/../lib/gcc/arm-none-eabi/9.3.1/../../../../arm-none-eabi/lib/thumb/v7e-m+fp/hard/libc_nano.a
END GROUP
START GROUP
LOAD /home/ramesh720/Desktop/Mtech/FPGA_LAB/ass5_installs/qorc-sdk/arm_toolchain_install/gcc-arm-none-eabi-9-2020-q2-update/bin/../lib/gcc/arm-none-eabi/9.3.1/thumb/v7e-m+fp/hard/libgcc.a
LOAD /home/ramesh720/Desktop/Mtech/FPGA_LAB/ass5_installs/qorc-sdk/arm_toolchain_install/gcc-arm-none-eabi-9-2020-q2-update/bin/../lib/gcc/arm-none-eabi/9.3.1/../../../../arm-none-eabi/lib/thumb/v7e-m+fp/hard/libc_nano.a
LOAD /home/ramesh720/Desktop/Mtech/FPGA_LAB/ass5_installs/qorc-sdk/arm_toolchain_install/gcc-arm-none-eabi-9-2020-q2-update/bin/../lib/gcc/arm-none-eabi/9.3.1/../../../../arm-none-eabi/lib/thumb/v7e-m+fp/hard/libnosys.a
END GROUP
START GROUP
LOAD /home/ramesh720/Desktop/Mtech/FPGA_LAB/ass5_installs/qorc-sdk/arm_toolchain_install/gcc-arm-none-eabi-9-2020-q2-update/bin/../lib/gcc/arm-none-eabi/9.3.1/thumb/v7e-m+fp/hard/libgcc.a
LOAD /home/ramesh720/Desktop/Mtech/FPGA_LAB/ass5_installs/qorc-sdk/arm_toolchain_install/gcc-arm-none-eabi-9-2020-q2-update/bin/../lib/gcc/arm-none-eabi/9.3.1/../../../../arm-none-eabi/lib/thumb/v7e-m+fp/hard/libc_nano.a
LOAD /home/ramesh720/Desktop/Mtech/FPGA_LAB/ass5_installs/qorc-sdk/arm_toolchain_install/gcc-arm-none-eabi-9-2020-q2-update/bin/../lib/gcc/arm-none-eabi/9.3.1/../../../../arm-none-eabi/lib/thumb/v7e-m+fp/hard/libnosys.a
END GROUP
LOAD /home/ramesh720/Desktop/Mtech/FPGA_LAB/ass5_installs/qorc-sdk/arm_toolchain_install/gcc-arm-none-eabi-9-2020-q2-update/bin/../lib/gcc/arm-none-eabi/9.3.1/thumb/v7e-m+fp/hard/crtend.o
LOAD /home/ramesh720/Desktop/Mtech/FPGA_LAB/ass5_installs/qorc-sdk/arm_toolchain_install/gcc-arm-none-eabi-9-2020-q2-update/bin/../lib/gcc/arm-none-eabi/9.3.1/thumb/v7e-m+fp/hard/crtn.o

.text           0x0000000000000000     0x779f
 *(.isr_vector)
 .isr_vector    0x0000000000000000      0x124 /home/ramesh720/Desktop/Mtech/FPGA_LAB/Assignment6/GCC_Project/output/vectors_CM4F_gcc.o
                0x0000000000000000                __Vectors
 *(.text*)
 .text          0x0000000000000124       0x40 /home/ramesh720/Desktop/Mtech/FPGA_LAB/ass5_installs/qorc-sdk/arm_toolchain_install/gcc-arm-none-eabi-9-2020-q2-update/bin/../lib/gcc/arm-none-eabi/9.3.1/thumb/v7e-m+fp/hard/crtbegin.o
 .text          0x0000000000000164       0x7c /home/ramesh720/Desktop/Mtech/FPGA_LAB/ass5_installs/qorc-sdk/arm_toolchain_install/gcc-arm-none-eabi-9-2020-q2-update/bin/../lib/gcc/arm-none-eabi/9.3.1/../../../../arm-none-eabi/lib/thumb/v7e-m+fp/hard/crt0.o
                0x0000000000000164                _stack_init
                0x000000000000016c                _mainCRTStartup
                0x000000000000016c                _start
 .text._write   0x00000000000001e0        0xe /home/ramesh720/Desktop/Mtech/FPGA_LAB/Assignment6/GCC_Project/output/c_lib_retarget.o
                0x00000000000001e0                _write
 .text._close   0x00000000000001ee        0x6 /home/ramesh720/Desktop/Mtech/FPGA_LAB/Assignment6/GCC_Project/output/c_lib_retarget.o
                0x00000000000001ee                _close
 .text._lseek   0x00000000000001f4        0x4 /home/ramesh720/Desktop/Mtech/FPGA_LAB/Assignment6/GCC_Project/output/c_lib_retarget.o
                0x00000000000001f4                _lseek
 .text._read    0x00000000000001f8        0x4 /home/ramesh720/Desktop/Mtech/FPGA_LAB/Assignment6/GCC_Project/output/c_lib_retarget.o
                0x00000000000001f8                _read
 .text.do_str_fetch
                0x00000000000001fc       0x38 /home/ramesh720/Desktop/Mtech/FPGA_LAB/Assignment6/GCC_Project/output/cli_args.o
 .text.CLI_string_ptr_get_subcmd
                0x0000000000000234       0x20 /home/ramesh720/Desktop/Mtech/FPGA_LAB/Assignment6/GCC_Project/output/cli_args.o
                0x0000000000000234                CLI_string_ptr_get_subcmd
 .text.CLI_numX_getshow_X
                0x0000000000000254      0x188 /home/ramesh720/Desktop/Mtech/FPGA_LAB/Assignment6/GCC_Project/output/cli_args.o
                0x0000000000000254                CLI_numX_getshow_X
 .text.CLI_uint8_getshow
                0x00000000000003dc        0x8 /home/ramesh720/Desktop/Mtech/FPGA_LAB/Assignment6/GCC_Project/output/cli_args.o
                0x00000000000003dc                CLI_uint8_getshow
 .text.append_key
                0x00000000000003e4       0x30 /home/ramesh720/Desktop/Mtech/FPGA_LAB/Assignment6/GCC_Project/output/cli_io.o
 .text.get_key_ignore_null
                0x0000000000000414       0x18 /home/ramesh720/Desktop/Mtech/FPGA_LAB/Assignment6/GCC_Project/output/cli_io.o
 .text.CLI_getkey_peek
                0x000000000000042c      0x110 /home/ramesh720/Desktop/Mtech/FPGA_LAB/Assignment6/GCC_Project/output/cli_io.o
                0x000000000000042c                CLI_getkey_peek
 .text.CLI_getkey
                0x000000000000053c       0x30 /home/ramesh720/Desktop/Mtech/FPGA_LAB/Assignment6/GCC_Project/output/cli_io.o
                0x000000000000053c                CLI_getkey
 .text.CLI_col0_timestamp
                0x000000000000056c       0x78 /home/ramesh720/Desktop/Mtech/FPGA_LAB/Assignment6/GCC_Project/output/cli_io.o
                0x000000000000056c                CLI_col0_timestamp
 .text.CLI_putc
                0x00000000000005e4       0x4c /home/ramesh720/Desktop/Mtech/FPGA_LAB/Assignment6/GCC_Project/output/cli_io.o
                0x00000000000005e4                CLI_putc
 .text.CLI_puts_no_nl
                0x0000000000000630       0x12 /home/ramesh720/Desktop/Mtech/FPGA_LAB/Assignment6/GCC_Project/output/cli_io.o
                0x0000000000000630                CLI_puts_no_nl
 *fill*         0x0000000000000642        0x2 
 .text.CLI_vprintf
                0x0000000000000644       0x24 /home/ramesh720/Desktop/Mtech/FPGA_LAB/Assignment6/GCC_Project/output/cli_io.o
                0x0000000000000644                CLI_vprintf
 .text.CLI_printf
                0x0000000000000668       0x1a /home/ramesh720/Desktop/Mtech/FPGA_LAB/Assignment6/GCC_Project/output/cli_io.o
                0x0000000000000668                CLI_printf
 *fill*         0x0000000000000682        0x2 
 .text.handle_help
                0x0000000000000684       0xc4 /home/ramesh720/Desktop/Mtech/FPGA_LAB/Assignment6/GCC_Project/output/cli_loop.o
 .text.CLI_cmd_stack_replace
                0x0000000000000748       0x10 /home/ramesh720/Desktop/Mtech/FPGA_LAB/Assignment6/GCC_Project/output/cli_loop.o
                0x0000000000000748                CLI_cmd_stack_replace
 .text.CLI_cmd_stack_push
                0x0000000000000758       0x30 /home/ramesh720/Desktop/Mtech/FPGA_LAB/Assignment6/GCC_Project/output/cli_loop.o
                0x0000000000000758                CLI_cmd_stack_push
 .text.CLI_cmd_stack_clear
                0x0000000000000788       0x24 /home/ramesh720/Desktop/Mtech/FPGA_LAB/Assignment6/GCC_Project/output/cli_loop.o
                0x0000000000000788                CLI_cmd_stack_clear
 .text.CLI_cmd_stack_pop
                0x00000000000007ac       0x40 /home/ramesh720/Desktop/Mtech/FPGA_LAB/Assignment6/GCC_Project/output/cli_loop.o
                0x00000000000007ac                CLI_cmd_stack_pop
 .text.handle_exit
                0x00000000000007ec       0x1c /home/ramesh720/Desktop/Mtech/FPGA_LAB/Assignment6/GCC_Project/output/cli_loop.o
 .text.CLI_init
                0x0000000000000808       0x24 /home/ramesh720/Desktop/Mtech/FPGA_LAB/Assignment6/GCC_Project/output/cli_loop.o
                0x0000000000000808                CLI_init
 .text.CLI_print_prompt
                0x000000000000082c       0x44 /home/ramesh720/Desktop/Mtech/FPGA_LAB/Assignment6/GCC_Project/output/cli_loop.o
                0x000000000000082c                CLI_print_prompt
 .text.CLI_dispatch_subcmd
                0x0000000000000870       0x84 /home/ramesh720/Desktop/Mtech/FPGA_LAB/Assignment6/GCC_Project/output/cli_loop.o
                0x0000000000000870                CLI_dispatch_subcmd
 .text.CLI_dispatch
                0x00000000000008f4       0xc0 /home/ramesh720/Desktop/Mtech/FPGA_LAB/Assignment6/GCC_Project/output/cli_loop.o
 .text.CLI_submenu_handler
                0x00000000000009b4       0x30 /home/ramesh720/Desktop/Mtech/FPGA_LAB/Assignment6/GCC_Project/output/cli_loop.o
                0x00000000000009b4                CLI_submenu_handler
 .text.CLI_verror
                0x00000000000009e4       0x40 /home/ramesh720/Desktop/Mtech/FPGA_LAB/Assignment6/GCC_Project/output/cli_loop.o
                0x00000000000009e4                CLI_verror
 .text.CLI_rx_byte
                0x0000000000000a24       0xec /home/ramesh720/Desktop/Mtech/FPGA_LAB/Assignment6/GCC_Project/output/cli_loop.o
                0x0000000000000a24                CLI_rx_byte
 .text.CLI_is_more_args
                0x0000000000000b10       0x14 /home/ramesh720/Desktop/Mtech/FPGA_LAB/Assignment6/GCC_Project/output/cli_misc.o
                0x0000000000000b10                CLI_is_more_args
 .text.CLI_error
                0x0000000000000b24       0x1a /home/ramesh720/Desktop/Mtech/FPGA_LAB/Assignment6/GCC_Project/output/cli_misc.o
                0x0000000000000b24                CLI_error
 *fill*         0x0000000000000b3e        0x2 
 .text.CLI_error_missing_parameter
                0x0000000000000b40        0xc /home/ramesh720/Desktop/Mtech/FPGA_LAB/Assignment6/GCC_Project/output/cli_misc.o
                0x0000000000000b40                CLI_error_missing_parameter
 .text.CLI_error_not_a_number
                0x0000000000000b4c       0x10 /home/ramesh720/Desktop/Mtech/FPGA_LAB/Assignment6/GCC_Project/output/cli_misc.o
                0x0000000000000b4c                CLI_error_not_a_number
 .text.CLI_task
                0x0000000000000b5c       0x54 /home/ramesh720/Desktop/Mtech/FPGA_LAB/Assignment6/GCC_Project/output/cli_platform.o
                0x0000000000000b5c                CLI_task
 .text.CLI_time_now
                0x0000000000000bb0        0x4 /home/ramesh720/Desktop/Mtech/FPGA_LAB/Assignment6/GCC_Project/output/cli_platform.o
                0x0000000000000bb0                CLI_time_now
 .text.CLI_beep
                0x0000000000000bb4        0x6 /home/ramesh720/Desktop/Mtech/FPGA_LAB/Assignment6/GCC_Project/output/cli_platform.o
                0x0000000000000bb4                CLI_beep
 .text.CLI_timeout_expired
                0x0000000000000bba       0x22 /home/ramesh720/Desktop/Mtech/FPGA_LAB/Assignment6/GCC_Project/output/cli_platform.o
                0x0000000000000bba                CLI_timeout_expired
 .text.CLI_putc_raw
                0x0000000000000bdc        0x8 /home/ramesh720/Desktop/Mtech/FPGA_LAB/Assignment6/GCC_Project/output/cli_platform.o
                0x0000000000000bdc                CLI_putc_raw
 .text.CLI_getkey_raw
                0x0000000000000be4       0x3c /home/ramesh720/Desktop/Mtech/FPGA_LAB/Assignment6/GCC_Project/output/cli_platform.o
                0x0000000000000be4                CLI_getkey_raw
 .text.CLI_start_task
                0x0000000000000c20       0x58 /home/ramesh720/Desktop/Mtech/FPGA_LAB/Assignment6/GCC_Project/output/cli_platform.o
                0x0000000000000c20                CLI_start_task
 .text.__debug_lockup
                0x0000000000000c78       0x14 /home/ramesh720/Desktop/Mtech/FPGA_LAB/Assignment6/GCC_Project/output/dbg_uart.o
 .text._semihost_write
                0x0000000000000c8c       0x54 /home/ramesh720/Desktop/Mtech/FPGA_LAB/Assignment6/GCC_Project/output/dbg_uart.o
                0x0000000000000c8c                _semihost_write
 .text.dbg_ch_raw
                0x0000000000000ce0       0x74 /home/ramesh720/Desktop/Mtech/FPGA_LAB/Assignment6/GCC_Project/output/dbg_uart.o
                0x0000000000000ce0                dbg_ch_raw
 .text.dbg_nl   0x0000000000000d54       0x12 /home/ramesh720/Desktop/Mtech/FPGA_LAB/Assignment6/GCC_Project/output/dbg_uart.o
                0x0000000000000d54                dbg_nl
 .text.dbg_ch   0x0000000000000d66        0xc /home/ramesh720/Desktop/Mtech/FPGA_LAB/Assignment6/GCC_Project/output/dbg_uart.o
                0x0000000000000d66                dbg_ch
 .text.dbg_hex4
                0x0000000000000d72       0x14 /home/ramesh720/Desktop/Mtech/FPGA_LAB/Assignment6/GCC_Project/output/dbg_uart.o
 .text.dbg_hex8
                0x0000000000000d86       0x14 /home/ramesh720/Desktop/Mtech/FPGA_LAB/Assignment6/GCC_Project/output/dbg_uart.o
                0x0000000000000d86                dbg_hex8
 .text.dbg_hex16
                0x0000000000000d9a       0x14 /home/ramesh720/Desktop/Mtech/FPGA_LAB/Assignment6/GCC_Project/output/dbg_uart.o
                0x0000000000000d9a                dbg_hex16
 .text.dbg_hex32
                0x0000000000000dae       0x14 /home/ramesh720/Desktop/Mtech/FPGA_LAB/Assignment6/GCC_Project/output/dbg_uart.o
                0x0000000000000dae                dbg_hex32
 .text._dbg_int
                0x0000000000000dc2       0x20 /home/ramesh720/Desktop/Mtech/FPGA_LAB/Assignment6/GCC_Project/output/dbg_uart.o
 .text.dbg_memdumpx
                0x0000000000000de2       0xea /home/ramesh720/Desktop/Mtech/FPGA_LAB/Assignment6/GCC_Project/output/dbg_uart.o
 .text.dbg_str  0x0000000000000ecc       0x84 /home/ramesh720/Desktop/Mtech/FPGA_LAB/Assignment6/GCC_Project/output/dbg_uart.o
                0x0000000000000ecc                dbg_str
 .text._dbg_str_xxx
                0x0000000000000f50       0x16 /home/ramesh720/Desktop/Mtech/FPGA_LAB/Assignment6/GCC_Project/output/dbg_uart.o
 .text.dbg_str_hexXX
                0x0000000000000f66       0x22 /home/ramesh720/Desktop/Mtech/FPGA_LAB/Assignment6/GCC_Project/output/dbg_uart.o
 .text.dbg_int  0x0000000000000f88       0x24 /home/ramesh720/Desktop/Mtech/FPGA_LAB/Assignment6/GCC_Project/output/dbg_uart.o
                0x0000000000000f88                dbg_int
 .text.dbg_str_str
                0x0000000000000fac       0x16 /home/ramesh720/Desktop/Mtech/FPGA_LAB/Assignment6/GCC_Project/output/dbg_uart.o
                0x0000000000000fac                dbg_str_str
 .text.dbg_str_int
                0x0000000000000fc2       0x16 /home/ramesh720/Desktop/Mtech/FPGA_LAB/Assignment6/GCC_Project/output/dbg_uart.o
                0x0000000000000fc2                dbg_str_int
 .text.dbg_str_hex32
                0x0000000000000fd8        0xc /home/ramesh720/Desktop/Mtech/FPGA_LAB/Assignment6/GCC_Project/output/dbg_uart.o
                0x0000000000000fd8                dbg_str_hex32
 .text.dbg_fatal_error
                0x0000000000000fe4       0x12 /home/ramesh720/Desktop/Mtech/FPGA_LAB/Assignment6/GCC_Project/output/dbg_uart.o
                0x0000000000000fe4                dbg_fatal_error
 .text.dbg_fatal_error_int
                0x0000000000000ff6        0xe /home/ramesh720/Desktop/Mtech/FPGA_LAB/Assignment6/GCC_Project/output/dbg_uart.o
                0x0000000000000ff6                dbg_fatal_error_int
 .text.dbg_memdump32
                0x0000000000001004       0x1e /home/ramesh720/Desktop/Mtech/FPGA_LAB/Assignment6/GCC_Project/output/dbg_uart.o
                0x0000000000001004                dbg_memdump32
 *fill*         0x0000000000001022        0x2 
 .text.HAL_PAD_Config
                0x0000000000001024      0x190 /home/ramesh720/Desktop/Mtech/FPGA_LAB/Assignment6/GCC_Project/output/eoss3_hal_pad_config.o
                0x0000000000001024                HAL_PAD_Config
 .text.configure_s3_pads
                0x00000000000011b4       0x1a /home/ramesh720/Desktop/Mtech/FPGA_LAB/Assignment6/GCC_Project/output/eoss3_hal_pad_config.o
                0x00000000000011b4                configure_s3_pads
 *fill*         0x00000000000011ce        0x2 
 .text.eoss3_rtc_enable_irq
                0x00000000000011d0       0x28 /home/ramesh720/Desktop/Mtech/FPGA_LAB/Assignment6/GCC_Project/output/eoss3_hal_rtc.o
 .text.write_rtc_reg
                0x00000000000011f8       0x18 /home/ramesh720/Desktop/Mtech/FPGA_LAB/Assignment6/GCC_Project/output/eoss3_hal_rtc.o
 .text.__rtc_setup_alarm.isra.0
                0x0000000000001210       0x44 /home/ramesh720/Desktop/Mtech/FPGA_LAB/Assignment6/GCC_Project/output/eoss3_hal_rtc.o
 .text.HAL_RTC_ISR
                0x0000000000001254       0x24 /home/ramesh720/Desktop/Mtech/FPGA_LAB/Assignment6/GCC_Project/output/eoss3_hal_rtc.o
                0x0000000000001254                HAL_RTC_ISR
 .text.unlock_spi1_bus
                0x0000000000001278       0x58 /home/ramesh720/Desktop/Mtech/FPGA_LAB/Assignment6/GCC_Project/output/eoss3_hal_spi.o
                0x0000000000001278                unlock_spi1_bus
 .text.SPI_DMA_Complete
                0x00000000000012d0       0x88 /home/ramesh720/Desktop/Mtech/FPGA_LAB/Assignment6/GCC_Project/output/eoss3_hal_spi.o
                0x00000000000012d0                SPI_DMA_Complete
 .text.HAL_SPI_IRQHandler
                0x0000000000001358       0x6c /home/ramesh720/Desktop/Mtech/FPGA_LAB/Assignment6/GCC_Project/output/eoss3_hal_spi.o
                0x0000000000001358                HAL_SPI_IRQHandler
 .text.HAL_Delay_Init
                0x00000000000013c4       0x54 /home/ramesh720/Desktop/Mtech/FPGA_LAB/Assignment6/GCC_Project/output/eoss3_hal_timer.o
                0x00000000000013c4                HAL_Delay_Init
 .text.HAL_Timer_ISR
                0x0000000000001418       0x88 /home/ramesh720/Desktop/Mtech/FPGA_LAB/Assignment6/GCC_Project/output/eoss3_hal_timer.o
                0x0000000000001418                HAL_Timer_ISR
 .text.uart_disable_irqs
                0x00000000000014a0       0x18 /home/ramesh720/Desktop/Mtech/FPGA_LAB/Assignment6/GCC_Project/output/eoss3_hal_uart.o
 .text.uart_baud_rate
                0x00000000000014b8       0x60 /home/ramesh720/Desktop/Mtech/FPGA_LAB/Assignment6/GCC_Project/output/eoss3_hal_uart.o
 .text.is_hw_uart_enabled
                0x0000000000001518       0x20 /home/ramesh720/Desktop/Mtech/FPGA_LAB/Assignment6/GCC_Project/output/eoss3_hal_uart.o
 .text.uart_lpm_callback
                0x0000000000001538       0x74 /home/ramesh720/Desktop/Mtech/FPGA_LAB/Assignment6/GCC_Project/output/eoss3_hal_uart.o
 .text.uart_init
                0x00000000000015ac      0x164 /home/ramesh720/Desktop/Mtech/FPGA_LAB/Assignment6/GCC_Project/output/eoss3_hal_uart.o
                0x00000000000015ac                uart_init
 .text.uart_isr_handler
                0x0000000000001710       0x90 /home/ramesh720/Desktop/Mtech/FPGA_LAB/Assignment6/GCC_Project/output/eoss3_hal_uart.o
                0x0000000000001710                uart_isr_handler
 .text.uart_tx_raw
                0x00000000000017a0       0x38 /home/ramesh720/Desktop/Mtech/FPGA_LAB/Assignment6/GCC_Project/output/eoss3_hal_uart.o
                0x00000000000017a0                uart_tx_raw
 .text.uart_tx  0x00000000000017d8       0x1c /home/ramesh720/Desktop/Mtech/FPGA_LAB/Assignment6/GCC_Project/output/eoss3_hal_uart.o
                0x00000000000017d8                uart_tx
 .text.uart_tx_buf
                0x00000000000017f4       0x1a /home/ramesh720/Desktop/Mtech/FPGA_LAB/Assignment6/GCC_Project/output/eoss3_hal_uart.o
                0x00000000000017f4                uart_tx_buf
 *fill*         0x000000000000180e        0x2 
 .text.uart_rx_wait
                0x0000000000001810       0x34 /home/ramesh720/Desktop/Mtech/FPGA_LAB/Assignment6/GCC_Project/output/eoss3_hal_uart.o
                0x0000000000001810                uart_rx_wait
 .text.uart_rx_available
                0x0000000000001844       0x34 /home/ramesh720/Desktop/Mtech/FPGA_LAB/Assignment6/GCC_Project/output/eoss3_hal_uart.o
                0x0000000000001844                uart_rx_available
 .text.uart_rx  0x0000000000001878       0x60 /home/ramesh720/Desktop/Mtech/FPGA_LAB/Assignment6/GCC_Project/output/eoss3_hal_uart.o
                0x0000000000001878                uart_rx
 .text.WDT_ISR  0x00000000000018d8       0x8c /home/ramesh720/Desktop/Mtech/FPGA_LAB/Assignment6/GCC_Project/output/eoss3_hal_wdt.o
                0x00000000000018d8                WDT_ISR
 .text.spurious_interrupt
                0x0000000000001964        0xc /home/ramesh720/Desktop/Mtech/FPGA_LAB/Assignment6/GCC_Project/output/exceptions.o
 .text.prvGetRegistersFromStack
                0x0000000000001970       0xf0 /home/ramesh720/Desktop/Mtech/FPGA_LAB/Assignment6/GCC_Project/output/exceptions.o
                0x0000000000001970                prvGetRegistersFromStack
 .text.HardFault_Handler
                0x0000000000001a60       0x16 /home/ramesh720/Desktop/Mtech/FPGA_LAB/Assignment6/GCC_Project/output/exceptions.o
                0x0000000000001a60                HardFault_Handler
 .text.NMI_Handler
                0x0000000000001a76        0x6 /home/ramesh720/Desktop/Mtech/FPGA_LAB/Assignment6/GCC_Project/output/exceptions.o
                0x0000000000001a76                NMI_Handler
 .text.MemManage_Handler
                0x0000000000001a7c        0x6 /home/ramesh720/Desktop/Mtech/FPGA_LAB/Assignment6/GCC_Project/output/exceptions.o
                0x0000000000001a7c                MemManage_Handler
 .text.BusFault_Handler
                0x0000000000001a82        0x6 /home/ramesh720/Desktop/Mtech/FPGA_LAB/Assignment6/GCC_Project/output/exceptions.o
                0x0000000000001a82                BusFault_Handler
 .text.UsageFault_Handler
                0x0000000000001a88        0x6 /home/ramesh720/Desktop/Mtech/FPGA_LAB/Assignment6/GCC_Project/output/exceptions.o
                0x0000000000001a88                UsageFault_Handler
 .text.DebugMon_Handler
                0x0000000000001a8e        0x6 /home/ramesh720/Desktop/Mtech/FPGA_LAB/Assignment6/GCC_Project/output/exceptions.o
                0x0000000000001a8e                DebugMon_Handler
 .text.Uart_Handler
                0x0000000000001a94       0x50 /home/ramesh720/Desktop/Mtech/FPGA_LAB/Assignment6/GCC_Project/output/exceptions.o
                0x0000000000001a94                Uart_Handler
 .text.Timer_Handler
                0x0000000000001ae4       0x24 /home/ramesh720/Desktop/Mtech/FPGA_LAB/Assignment6/GCC_Project/output/exceptions.o
                0x0000000000001ae4                Timer_Handler
 .text.CpuWdtInt_Handler
                0x0000000000001b08       0x24 /home/ramesh720/Desktop/Mtech/FPGA_LAB/Assignment6/GCC_Project/output/exceptions.o
                0x0000000000001b08                CpuWdtInt_Handler
 .text.CpuWdtRst_Handler
                0x0000000000001b2c        0x6 /home/ramesh720/Desktop/Mtech/FPGA_LAB/Assignment6/GCC_Project/output/exceptions.o
                0x0000000000001b2c                CpuWdtRst_Handler
 .text.BusTimeout_Handler
                0x0000000000001b32        0x6 /home/ramesh720/Desktop/Mtech/FPGA_LAB/Assignment6/GCC_Project/output/exceptions.o
                0x0000000000001b32                BusTimeout_Handler
 .text.Fpu_Handler
                0x0000000000001b38        0x6 /home/ramesh720/Desktop/Mtech/FPGA_LAB/Assignment6/GCC_Project/output/exceptions.o
                0x0000000000001b38                Fpu_Handler
 *fill*         0x0000000000001b3e        0x2 
 .text.Pkfb_Handler
                0x0000000000001b40       0x10 /home/ramesh720/Desktop/Mtech/FPGA_LAB/Assignment6/GCC_Project/output/exceptions.o
                0x0000000000001b40                Pkfb_Handler
 .text.I2s_Handler
                0x0000000000001b50        0x6 /home/ramesh720/Desktop/Mtech/FPGA_LAB/Assignment6/GCC_Project/output/exceptions.o
                0x0000000000001b50                I2s_Handler
 .text.Audio_Handler
                0x0000000000001b56        0x6 /home/ramesh720/Desktop/Mtech/FPGA_LAB/Assignment6/GCC_Project/output/exceptions.o
                0x0000000000001b56                Audio_Handler
 .text.SpiMs_Handler
                0x0000000000001b5c       0x5c /home/ramesh720/Desktop/Mtech/FPGA_LAB/Assignment6/GCC_Project/output/exceptions.o
                0x0000000000001b5c                SpiMs_Handler
 .text.CfgDma_Handler
                0x0000000000001bb8       0x28 /home/ramesh720/Desktop/Mtech/FPGA_LAB/Assignment6/GCC_Project/output/exceptions.o
                0x0000000000001bb8                CfgDma_Handler
 .text.PmuTimer_Handler
                0x0000000000001be0        0x2 /home/ramesh720/Desktop/Mtech/FPGA_LAB/Assignment6/GCC_Project/output/exceptions.o
                0x0000000000001be0                PmuTimer_Handler
 .text.AdcDone_Handler
                0x0000000000001be2        0x8 /home/ramesh720/Desktop/Mtech/FPGA_LAB/Assignment6/GCC_Project/output/exceptions.o
                0x0000000000001be2                AdcDone_Handler
 *fill*         0x0000000000001bea        0x2 
 .text.RtcAlarm_Handler
                0x0000000000001bec       0x1c /home/ramesh720/Desktop/Mtech/FPGA_LAB/Assignment6/GCC_Project/output/exceptions.o
                0x0000000000001bec                RtcAlarm_Handler
 .text.ResetInt_Handler
                0x0000000000001c08        0x8 /home/ramesh720/Desktop/Mtech/FPGA_LAB/Assignment6/GCC_Project/output/exceptions.o
                0x0000000000001c08                ResetInt_Handler
 .text.Ffe0_Handler
                0x0000000000001c10       0x18 /home/ramesh720/Desktop/Mtech/FPGA_LAB/Assignment6/GCC_Project/output/exceptions.o
                0x0000000000001c10                Ffe0_Handler
 .text.FbMsg_Handler
                0x0000000000001c28       0x6c /home/ramesh720/Desktop/Mtech/FPGA_LAB/Assignment6/GCC_Project/output/exceptions.o
                0x0000000000001c28                FbMsg_Handler
 .text.SensorGpio_Handler
                0x0000000000001c94        0x8 /home/ramesh720/Desktop/Mtech/FPGA_LAB/Assignment6/GCC_Project/output/exceptions.o
                0x0000000000001c94                SensorGpio_Handler
 .text.M4SramSleep_Handler
                0x0000000000001c9c        0x8 /home/ramesh720/Desktop/Mtech/FPGA_LAB/Assignment6/GCC_Project/output/exceptions.o
                0x0000000000001c9c                M4SramSleep_Handler
 .text.LDO30_PG_Handler
                0x0000000000001ca4        0x8 /home/ramesh720/Desktop/Mtech/FPGA_LAB/Assignment6/GCC_Project/output/exceptions.o
                0x0000000000001ca4                LDO30_PG_Handler
 .text.LDO50_PG_Handler
                0x0000000000001cac        0x8 /home/ramesh720/Desktop/Mtech/FPGA_LAB/Assignment6/GCC_Project/output/exceptions.o
                0x0000000000001cac                LDO50_PG_Handler
 .text.DMIC_Voice_Det_Handler
                0x0000000000001cb4        0x8 /home/ramesh720/Desktop/Mtech/FPGA_LAB/Assignment6/GCC_Project/output/exceptions.o
                0x0000000000001cb4                DMIC_Voice_Det_Handler
 .text.ApPDMClkOn_Handler
                0x0000000000001cbc        0x8 /home/ramesh720/Desktop/Mtech/FPGA_LAB/Assignment6/GCC_Project/output/exceptions.o
                0x0000000000001cbc                ApPDMClkOn_Handler
 .text.ApPDMClkOff_Handler
                0x0000000000001cc4        0x8 /home/ramesh720/Desktop/Mtech/FPGA_LAB/Assignment6/GCC_Project/output/exceptions.o
                0x0000000000001cc4                ApPDMClkOff_Handler
 .text.Dmac0BlkDone_Handler
                0x0000000000001ccc        0x8 /home/ramesh720/Desktop/Mtech/FPGA_LAB/Assignment6/GCC_Project/output/exceptions.o
                0x0000000000001ccc                Dmac0BlkDone_Handler
 .text.Dmac0BufDone_Handler
                0x0000000000001cd4        0x8 /home/ramesh720/Desktop/Mtech/FPGA_LAB/Assignment6/GCC_Project/output/exceptions.o
                0x0000000000001cd4                Dmac0BufDone_Handler
 .text.Dmac1BlkDone_Handler
                0x0000000000001cdc        0x8 /home/ramesh720/Desktop/Mtech/FPGA_LAB/Assignment6/GCC_Project/output/exceptions.o
                0x0000000000001cdc                Dmac1BlkDone_Handler
 .text.Dmac1BufDone_Handler
                0x0000000000001ce4        0x8 /home/ramesh720/Desktop/Mtech/FPGA_LAB/Assignment6/GCC_Project/output/exceptions.o
                0x0000000000001ce4                Dmac1BufDone_Handler
 .text.Sdma0Done_Handler
                0x0000000000001cec        0x8 /home/ramesh720/Desktop/Mtech/FPGA_LAB/Assignment6/GCC_Project/output/exceptions.o
                0x0000000000001cec                Sdma0Done_Handler
 .text.Sdma1Done_Handler
                0x0000000000001cf4        0x8 /home/ramesh720/Desktop/Mtech/FPGA_LAB/Assignment6/GCC_Project/output/exceptions.o
                0x0000000000001cf4                Sdma1Done_Handler
 .text.Sdma2Done_Handler
                0x0000000000001cfc        0x8 /home/ramesh720/Desktop/Mtech/FPGA_LAB/Assignment6/GCC_Project/output/exceptions.o
                0x0000000000001cfc                Sdma2Done_Handler
 .text.Sdma3Done_Handler
                0x0000000000001d04        0x8 /home/ramesh720/Desktop/Mtech/FPGA_LAB/Assignment6/GCC_Project/output/exceptions.o
                0x0000000000001d04                Sdma3Done_Handler
 .text.Sdma4Done_Handler
                0x0000000000001d0c        0x8 /home/ramesh720/Desktop/Mtech/FPGA_LAB/Assignment6/GCC_Project/output/exceptions.o
                0x0000000000001d0c                Sdma4Done_Handler
 .text.Sdma5Done_Handler
                0x0000000000001d14        0x8 /home/ramesh720/Desktop/Mtech/FPGA_LAB/Assignment6/GCC_Project/output/exceptions.o
                0x0000000000001d14                Sdma5Done_Handler
 .text.Sdma6Done_Handler
                0x0000000000001d1c        0x8 /home/ramesh720/Desktop/Mtech/FPGA_LAB/Assignment6/GCC_Project/output/exceptions.o
                0x0000000000001d1c                Sdma6Done_Handler
 .text.Sdma7Done_Handler
                0x0000000000001d24        0x8 /home/ramesh720/Desktop/Mtech/FPGA_LAB/Assignment6/GCC_Project/output/exceptions.o
                0x0000000000001d24                Sdma7Done_Handler
 .text.Sdma8Done_Handler
                0x0000000000001d2c        0x8 /home/ramesh720/Desktop/Mtech/FPGA_LAB/Assignment6/GCC_Project/output/exceptions.o
                0x0000000000001d2c                Sdma8Done_Handler
 .text.Sdma9Done_Handler
                0x0000000000001d34        0x8 /home/ramesh720/Desktop/Mtech/FPGA_LAB/Assignment6/GCC_Project/output/exceptions.o
                0x0000000000001d34                Sdma9Done_Handler
 .text.Sdma10Done_Handler
                0x0000000000001d3c        0x8 /home/ramesh720/Desktop/Mtech/FPGA_LAB/Assignment6/GCC_Project/output/exceptions.o
                0x0000000000001d3c                Sdma10Done_Handler
 .text.Sdma11Done_Handler
                0x0000000000001d44        0x8 /home/ramesh720/Desktop/Mtech/FPGA_LAB/Assignment6/GCC_Project/output/exceptions.o
                0x0000000000001d44                Sdma11Done_Handler
 .text.SdmaErr_Handler
                0x0000000000001d4c        0x8 /home/ramesh720/Desktop/Mtech/FPGA_LAB/Assignment6/GCC_Project/output/exceptions.o
                0x0000000000001d4c                SdmaErr_Handler
 .text.I2S_SlvM4TxOr_Handler
                0x0000000000001d54        0x8 /home/ramesh720/Desktop/Mtech/FPGA_LAB/Assignment6/GCC_Project/output/exceptions.o
                0x0000000000001d54                I2S_SlvM4TxOr_Handler
 .text.SRAM_128KB_Handler
                0x0000000000001d5c        0x8 /home/ramesh720/Desktop/Mtech/FPGA_LAB/Assignment6/GCC_Project/output/exceptions.o
                0x0000000000001d5c                SRAM_128KB_Handler
 .text.LPSD_Voice_Det_Handler
                0x0000000000001d64        0x8 /home/ramesh720/Desktop/Mtech/FPGA_LAB/Assignment6/GCC_Project/output/exceptions.o
                0x0000000000001d64                LPSD_Voice_Det_Handler
 .text.FfeWdt_Handler
                0x0000000000001d6c        0x8 /home/ramesh720/Desktop/Mtech/FPGA_LAB/Assignment6/GCC_Project/output/exceptions.o
                0x0000000000001d6c                FfeWdt_Handler
 .text.ApBoot_Handler
                0x0000000000001d74        0x8 /home/ramesh720/Desktop/Mtech/FPGA_LAB/Assignment6/GCC_Project/output/exceptions.o
                0x0000000000001d74                ApBoot_Handler
 .text.SwInt2_Handler
                0x0000000000001d7c        0x8 /home/ramesh720/Desktop/Mtech/FPGA_LAB/Assignment6/GCC_Project/output/exceptions.o
                0x0000000000001d7c                SwInt2_Handler
 .text.SwInt1_Handler
                0x0000000000001d84       0x24 /home/ramesh720/Desktop/Mtech/FPGA_LAB/Assignment6/GCC_Project/output/exceptions.o
                0x0000000000001d84                SwInt1_Handler
 .text.Ffe0Msg_Handler
                0x0000000000001da8        0x8 /home/ramesh720/Desktop/Mtech/FPGA_LAB/Assignment6/GCC_Project/output/exceptions.o
                0x0000000000001da8                Ffe0Msg_Handler
 .text.lpsdVoiceOffHandler
                0x0000000000001db0        0x8 /home/ramesh720/Desktop/Mtech/FPGA_LAB/Assignment6/GCC_Project/output/exceptions.o
                0x0000000000001db0                lpsdVoiceOffHandler
 .text.dmicVoiceOffHandler
                0x0000000000001db8        0x8 /home/ramesh720/Desktop/Mtech/FPGA_LAB/Assignment6/GCC_Project/output/exceptions.o
                0x0000000000001db8                dmicVoiceOffHandler
 .text.vApplicationMallocFailedHook
                0x0000000000001dc0       0x24 /home/ramesh720/Desktop/Mtech/FPGA_LAB/Assignment6/GCC_Project/output/exceptions.o
                0x0000000000001dc0                vApplicationMallocFailedHook
 .text.vApplicationStackOverflowHook
                0x0000000000001de4       0x24 /home/ramesh720/Desktop/Mtech/FPGA_LAB/Assignment6/GCC_Project/output/exceptions.o
                0x0000000000001de4                vApplicationStackOverflowHook
 .text.vApplicationTickHook
                0x0000000000001e08        0x2 /home/ramesh720/Desktop/Mtech/FPGA_LAB/Assignment6/GCC_Project/output/exceptions.o
                0x0000000000001e08                vApplicationTickHook
 *fill*         0x0000000000001e0a        0x2 
 .text.prvInsertBlockIntoFreeList
                0x0000000000001e0c       0x74 /home/ramesh720/Desktop/Mtech/FPGA_LAB/Assignment6/GCC_Project/output/heap_4.o
 .text.pvPortMalloc
                0x0000000000001e80      0x198 /home/ramesh720/Desktop/Mtech/FPGA_LAB/Assignment6/GCC_Project/output/heap_4.o
                0x0000000000001e80                pvPortMalloc
 .text.vPortFree
                0x0000000000002018       0xa0 /home/ramesh720/Desktop/Mtech/FPGA_LAB/Assignment6/GCC_Project/output/heap_4.o
                0x0000000000002018                vPortFree
 .text.vListInitialise
                0x00000000000020b8       0x16 /home/ramesh720/Desktop/Mtech/FPGA_LAB/Assignment6/GCC_Project/output/list.o
                0x00000000000020b8                vListInitialise
 .text.vListInitialiseItem
                0x00000000000020ce        0x6 /home/ramesh720/Desktop/Mtech/FPGA_LAB/Assignment6/GCC_Project/output/list.o
                0x00000000000020ce                vListInitialiseItem
 .text.vListInsertEnd
                0x00000000000020d4       0x18 /home/ramesh720/Desktop/Mtech/FPGA_LAB/Assignment6/GCC_Project/output/list.o
                0x00000000000020d4                vListInsertEnd
 .text.vListInsert
                0x00000000000020ec       0x2e /home/ramesh720/Desktop/Mtech/FPGA_LAB/Assignment6/GCC_Project/output/list.o
                0x00000000000020ec                vListInsert
 .text.uxListRemove
                0x000000000000211a       0x20 /home/ramesh720/Desktop/Mtech/FPGA_LAB/Assignment6/GCC_Project/output/list.o
                0x000000000000211a                uxListRemove
 .text.SystemInit
                0x000000000000213a        0x2 /home/ramesh720/Desktop/Mtech/FPGA_LAB/Assignment6/GCC_Project/output/main.o
                0x000000000000213a                SystemInit
 .text.PyHal_GPIO_Set
                0x000000000000213c       0x34 /home/ramesh720/Desktop/Mtech/FPGA_LAB/Assignment6/GCC_Project/output/main.o
                0x000000000000213c                PyHal_GPIO_Set
 .text.startup.main
                0x0000000000002170      0x10c /home/ramesh720/Desktop/Mtech/FPGA_LAB/Assignment6/GCC_Project/output/main.o
                0x0000000000002170                main
 .text.set_gpio_input
                0x000000000000227c       0x34 /home/ramesh720/Desktop/Mtech/FPGA_LAB/Assignment6/GCC_Project/output/main_dbg_cli_menu.o
 .text.set_gpio_output
                0x00000000000022b0       0x60 /home/ramesh720/Desktop/Mtech/FPGA_LAB/Assignment6/GCC_Project/output/main_dbg_cli_menu.o
 .text.get_gpio_value
                0x0000000000002310       0x50 /home/ramesh720/Desktop/Mtech/FPGA_LAB/Assignment6/GCC_Project/output/main_dbg_cli_menu.o
 .text.prvTaskExitError
                0x0000000000002360       0x50 /home/ramesh720/Desktop/Mtech/FPGA_LAB/Assignment6/GCC_Project/output/port.o
 .text.pxPortInitialiseStack
                0x00000000000023b0       0x2c /home/ramesh720/Desktop/Mtech/FPGA_LAB/Assignment6/GCC_Project/output/port.o
                0x00000000000023b0                pxPortInitialiseStack
 *fill*         0x00000000000023dc        0x4 
 .text.SVC_Handler
                0x00000000000023e0       0x24 /home/ramesh720/Desktop/Mtech/FPGA_LAB/Assignment6/GCC_Project/output/port.o
                0x00000000000023e0                SVC_Handler
 .text.vPortEnterCritical
                0x0000000000002404       0x58 /home/ramesh720/Desktop/Mtech/FPGA_LAB/Assignment6/GCC_Project/output/port.o
                0x0000000000002404                vPortEnterCritical
 .text.vPortExitCritical
                0x000000000000245c       0x3c /home/ramesh720/Desktop/Mtech/FPGA_LAB/Assignment6/GCC_Project/output/port.o
                0x000000000000245c                vPortExitCritical
 *fill*         0x0000000000002498        0x8 
 .text.PendSV_Handler
                0x00000000000024a0       0x64 /home/ramesh720/Desktop/Mtech/FPGA_LAB/Assignment6/GCC_Project/output/port.o
                0x00000000000024a0                PendSV_Handler
 .text.xPortSysTickHandler
                0x0000000000002504       0x2c /home/ramesh720/Desktop/Mtech/FPGA_LAB/Assignment6/GCC_Project/output/port.o
                0x0000000000002504                xPortSysTickHandler
 .text.vPortValidateInterruptPriority
                0x0000000000002530       0x7c /home/ramesh720/Desktop/Mtech/FPGA_LAB/Assignment6/GCC_Project/output/port.o
                0x0000000000002530                vPortValidateInterruptPriority
 .text.system_init
                0x00000000000025ac       0x6c /home/ramesh720/Desktop/Mtech/FPGA_LAB/Assignment6/GCC_Project/output/qf_hardwaresetup.o
                0x00000000000025ac                system_init
 .text.qf_hardwareSetup
                0x0000000000002618       0x78 /home/ramesh720/Desktop/Mtech/FPGA_LAB/Assignment6/GCC_Project/output/qf_hardwaresetup.o
                0x0000000000002618                qf_hardwareSetup
 .text.prvIsQueueEmpty
                0x0000000000002690       0x16 /home/ramesh720/Desktop/Mtech/FPGA_LAB/Assignment6/GCC_Project/output/queue.o
 .text.prvCopyDataToQueue
                0x00000000000026a6       0x78 /home/ramesh720/Desktop/Mtech/FPGA_LAB/Assignment6/GCC_Project/output/queue.o
 .text.prvCopyDataFromQueue
                0x000000000000271e       0x2c /home/ramesh720/Desktop/Mtech/FPGA_LAB/Assignment6/GCC_Project/output/queue.o
 .text.prvUnlockQueue
                0x000000000000274a       0x70 /home/ramesh720/Desktop/Mtech/FPGA_LAB/Assignment6/GCC_Project/output/queue.o
 *fill*         0x00000000000027ba        0x2 
 .text.xQueueGenericReset
                0x00000000000027bc       0x90 /home/ramesh720/Desktop/Mtech/FPGA_LAB/Assignment6/GCC_Project/output/queue.o
                0x00000000000027bc                xQueueGenericReset
 .text.xQueueGenericCreate
                0x000000000000284c       0x74 /home/ramesh720/Desktop/Mtech/FPGA_LAB/Assignment6/GCC_Project/output/queue.o
                0x000000000000284c                xQueueGenericCreate
 .text.xQueueGenericSend
                0x00000000000028c0      0x19c /home/ramesh720/Desktop/Mtech/FPGA_LAB/Assignment6/GCC_Project/output/queue.o
                0x00000000000028c0                xQueueGenericSend
 .text.xQueueGenericSendFromISR
                0x0000000000002a5c       0xf0 /home/ramesh720/Desktop/Mtech/FPGA_LAB/Assignment6/GCC_Project/output/queue.o
                0x0000000000002a5c                xQueueGenericSendFromISR
 .text.xQueueGenericSendFromISRDebug
                0x0000000000002b4c       0x30 /home/ramesh720/Desktop/Mtech/FPGA_LAB/Assignment6/GCC_Project/output/queue.o
                0x0000000000002b4c                xQueueGenericSendFromISRDebug
 .text.xQueueGiveFromISR
                0x0000000000002b7c       0xdc /home/ramesh720/Desktop/Mtech/FPGA_LAB/Assignment6/GCC_Project/output/queue.o
                0x0000000000002b7c                xQueueGiveFromISR
 .text.xQueueReceive
                0x0000000000002c58      0x160 /home/ramesh720/Desktop/Mtech/FPGA_LAB/Assignment6/GCC_Project/output/queue.o
                0x0000000000002c58                xQueueReceive
 .text.xQueueSemaphoreTake
                0x0000000000002db8      0x1b0 /home/ramesh720/Desktop/Mtech/FPGA_LAB/Assignment6/GCC_Project/output/queue.o
                0x0000000000002db8                xQueueSemaphoreTake
 .text.xQueuePeek
                0x0000000000002f68      0x160 /home/ramesh720/Desktop/Mtech/FPGA_LAB/Assignment6/GCC_Project/output/queue.o
                0x0000000000002f68                xQueuePeek
 .text.uxQueueMessagesWaiting
                0x00000000000030c8       0x3c /home/ramesh720/Desktop/Mtech/FPGA_LAB/Assignment6/GCC_Project/output/queue.o
                0x00000000000030c8                uxQueueMessagesWaiting
 .text.vQueueAddToRegistry
                0x0000000000003104       0x24 /home/ramesh720/Desktop/Mtech/FPGA_LAB/Assignment6/GCC_Project/output/queue.o
                0x0000000000003104                vQueueAddToRegistry
 .text.s3x_clkd_write_div
                0x0000000000003128       0xa8 /home/ramesh720/Desktop/Mtech/FPGA_LAB/Assignment6/GCC_Project/output/s3x_clock.o
 .text.s3x_clkd_read_div
                0x00000000000031d0       0x44 /home/ramesh720/Desktop/Mtech/FPGA_LAB/Assignment6/GCC_Project/output/s3x_clock.o
 .text.s3x_clkd_cal_div.part.0
                0x0000000000003214       0x30 /home/ramesh720/Desktop/Mtech/FPGA_LAB/Assignment6/GCC_Project/output/s3x_clock.o
 .text.S3x_Id_To_Domain
                0x0000000000003244       0x1c /home/ramesh720/Desktop/Mtech/FPGA_LAB/Assignment6/GCC_Project/output/s3x_clock.o
                0x0000000000003244                S3x_Id_To_Domain
 .text.s3x_clkd_update_div_val
                0x0000000000003260       0x4c /home/ramesh720/Desktop/Mtech/FPGA_LAB/Assignment6/GCC_Project/output/s3x_clock.o
                0x0000000000003260                s3x_clkd_update_div_val
 .text.s3x_clkd_update_fd_rate
                0x00000000000032ac        0xe /home/ramesh720/Desktop/Mtech/FPGA_LAB/Assignment6/GCC_Project/output/s3x_clock.o
                0x00000000000032ac                s3x_clkd_update_fd_rate
 *fill*         0x00000000000032ba        0x2 
 .text.s3x_clkd_update_sd_div
                0x00000000000032bc       0x5c /home/ramesh720/Desktop/Mtech/FPGA_LAB/Assignment6/GCC_Project/output/s3x_clock.o
 .text.s3x_clkd_update_all_src_div
                0x0000000000003318       0xcc /home/ramesh720/Desktop/Mtech/FPGA_LAB/Assignment6/GCC_Project/output/s3x_clock.o
                0x0000000000003318                s3x_clkd_update_all_src_div
 .text.S3x_Clkd_Get_Hsosc_Rate
                0x00000000000033e4       0x34 /home/ramesh720/Desktop/Mtech/FPGA_LAB/Assignment6/GCC_Project/output/s3x_clock.o
                0x00000000000033e4                S3x_Clkd_Get_Hsosc_Rate
 .text.S3x_Clkd_Change_Hsosc
                0x0000000000003418       0x70 /home/ramesh720/Desktop/Mtech/FPGA_LAB/Assignment6/GCC_Project/output/s3x_clock.o
                0x0000000000003418                S3x_Clkd_Change_Hsosc
 .text.s3x_clkd_get_src_rate
                0x0000000000003488       0x12 /home/ramesh720/Desktop/Mtech/FPGA_LAB/Assignment6/GCC_Project/output/s3x_clock.o
                0x0000000000003488                s3x_clkd_get_src_rate
 *fill*         0x000000000000349a        0x2 
 .text.s3x_clkd_get_div
                0x000000000000349c       0x74 /home/ramesh720/Desktop/Mtech/FPGA_LAB/Assignment6/GCC_Project/output/s3x_clock.o
                0x000000000000349c                s3x_clkd_get_div
 .text.s3x_clkd_srate
                0x0000000000003510      0x158 /home/ramesh720/Desktop/Mtech/FPGA_LAB/Assignment6/GCC_Project/output/s3x_clock.o
 .text.s3x_clkd_grate
                0x0000000000003668       0x8c /home/ramesh720/Desktop/Mtech/FPGA_LAB/Assignment6/GCC_Project/output/s3x_clock.o
 .text.s3x_clkd_set_src_div_st
                0x00000000000036f4       0x4c /home/ramesh720/Desktop/Mtech/FPGA_LAB/Assignment6/GCC_Project/output/s3x_clock.o
 .text.s3x_update_clk_rate
                0x0000000000003740       0xb0 /home/ramesh720/Desktop/Mtech/FPGA_LAB/Assignment6/GCC_Project/output/s3x_clock.o
                0x0000000000003740                s3x_update_clk_rate
 .text.s3x_clkd_get_gate_mask_st
                0x00000000000037f0       0x16 /home/ramesh720/Desktop/Mtech/FPGA_LAB/Assignment6/GCC_Project/output/s3x_clock.o
                0x00000000000037f0                s3x_clkd_get_gate_mask_st
 *fill*         0x0000000000003806        0x2 
 .text.s3x_clkd_set_gate_mask
                0x0000000000003808       0x50 /home/ramesh720/Desktop/Mtech/FPGA_LAB/Assignment6/GCC_Project/output/s3x_clock.o
                0x0000000000003808                s3x_clkd_set_gate_mask
 .text.s3x_clkd_enable_gate
                0x0000000000003858       0x68 /home/ramesh720/Desktop/Mtech/FPGA_LAB/Assignment6/GCC_Project/output/s3x_clock.o
 .text.s3x_clkd_disable_gate
                0x00000000000038c0       0x54 /home/ramesh720/Desktop/Mtech/FPGA_LAB/Assignment6/GCC_Project/output/s3x_clock.o
 .text._S3x_Clk_Enable
                0x0000000000003914       0xb8 /home/ramesh720/Desktop/Mtech/FPGA_LAB/Assignment6/GCC_Project/output/s3x_clock.o
                0x0000000000003914                _S3x_Clk_Enable
 .text._S3x_Clk_Disable
                0x00000000000039cc       0xc8 /home/ramesh720/Desktop/Mtech/FPGA_LAB/Assignment6/GCC_Project/output/s3x_clock.o
                0x00000000000039cc                _S3x_Clk_Disable
 .text._S3x_Clk_Get_Status
                0x0000000000003a94       0x2c /home/ramesh720/Desktop/Mtech/FPGA_LAB/Assignment6/GCC_Project/output/s3x_clock.o
                0x0000000000003a94                _S3x_Clk_Get_Status
 .text._S3x_Clk_Get_Rate
                0x0000000000003ac0       0x28 /home/ramesh720/Desktop/Mtech/FPGA_LAB/Assignment6/GCC_Project/output/s3x_clock.o
                0x0000000000003ac0                _S3x_Clk_Get_Rate
 .text.S3x_Clk_Init
                0x0000000000003ae8      0x15c /home/ramesh720/Desktop/Mtech/FPGA_LAB/Assignment6/GCC_Project/output/s3x_clock.o
                0x0000000000003ae8                S3x_Clk_Init
 .text.S3x_Clk_Enable
                0x0000000000003c44        0x4 /home/ramesh720/Desktop/Mtech/FPGA_LAB/Assignment6/GCC_Project/output/s3x_clock_hal.o
                0x0000000000003c44                S3x_Clk_Enable
 .text.S3x_Clk_Disable
                0x0000000000003c48        0x4 /home/ramesh720/Desktop/Mtech/FPGA_LAB/Assignment6/GCC_Project/output/s3x_clock_hal.o
                0x0000000000003c48                S3x_Clk_Disable
 .text.S3x_Clk_Get_Rate
                0x0000000000003c4c        0x4 /home/ramesh720/Desktop/Mtech/FPGA_LAB/Assignment6/GCC_Project/output/s3x_clock_hal.o
                0x0000000000003c4c                S3x_Clk_Get_Rate
 .text.DFS_cpuload
                0x0000000000003c50       0x4c /home/ramesh720/Desktop/Mtech/FPGA_LAB/Assignment6/GCC_Project/output/s3x_cpuload.o
                0x0000000000003c50                DFS_cpuload
 .text.DFS_resetsleepticks
                0x0000000000003c9c        0xc /home/ramesh720/Desktop/Mtech/FPGA_LAB/Assignment6/GCC_Project/output/s3x_cpuload.o
                0x0000000000003c9c                DFS_resetsleepticks
 .text.DFS_UpdateTimer
                0x0000000000003ca8       0x5c /home/ramesh720/Desktop/Mtech/FPGA_LAB/Assignment6/GCC_Project/output/s3x_dfs.o
 .text.DFS_StartTimer
                0x0000000000003d04       0x88 /home/ramesh720/Desktop/Mtech/FPGA_LAB/Assignment6/GCC_Project/output/s3x_dfs.o
                0x0000000000003d04                DFS_StartTimer
 .text.S3x_Set_Policy
                0x0000000000003d8c       0xf8 /home/ramesh720/Desktop/Mtech/FPGA_LAB/Assignment6/GCC_Project/output/s3x_dfs.o
                0x0000000000003d8c                S3x_Set_Policy
 .text.S3x_get_max_rate_dfs_node
                0x0000000000003e84       0x28 /home/ramesh720/Desktop/Mtech/FPGA_LAB/Assignment6/GCC_Project/output/s3x_dfs.o
                0x0000000000003e84                S3x_get_max_rate_dfs_node
 .text.S3x_Stepup_Policy
                0x0000000000003eac       0x7c /home/ramesh720/Desktop/Mtech/FPGA_LAB/Assignment6/GCC_Project/output/s3x_dfs.o
 .text.DFS_TimerCB
                0x0000000000003f28        0xe /home/ramesh720/Desktop/Mtech/FPGA_LAB/Assignment6/GCC_Project/output/s3x_dfs.o
 *fill*         0x0000000000003f36        0x2 
 .text.DFS_Get_Curr_Policy
                0x0000000000003f38        0xc /home/ramesh720/Desktop/Mtech/FPGA_LAB/Assignment6/GCC_Project/output/s3x_dfs.o
                0x0000000000003f38                DFS_Get_Curr_Policy
 .text.DFS_Initialize
                0x0000000000003f44       0x14 /home/ramesh720/Desktop/Mtech/FPGA_LAB/Assignment6/GCC_Project/output/s3x_dfs.o
                0x0000000000003f44                DFS_Initialize
 .text.S3x_Register_Lpm_Cb
                0x0000000000003f58       0x40 /home/ramesh720/Desktop/Mtech/FPGA_LAB/Assignment6/GCC_Project/output/s3x_lpm.o
                0x0000000000003f58                S3x_Register_Lpm_Cb
 .text.s3x_setup_systick_interrupt
                0x0000000000003f98       0x54 /home/ramesh720/Desktop/Mtech/FPGA_LAB/Assignment6/GCC_Project/output/s3x_lpm.o
                0x0000000000003f98                s3x_setup_systick_interrupt
 .text.SysTick_Handler
                0x0000000000003fec       0x12 /home/ramesh720/Desktop/Mtech/FPGA_LAB/Assignment6/GCC_Project/output/s3x_lpm.o
                0x0000000000003fec                SysTick_Handler
 *fill*         0x0000000000003ffe        0x2 
 .text.s3x_get_pi
                0x0000000000004000       0x20 /home/ramesh720/Desktop/Mtech/FPGA_LAB/Assignment6/GCC_Project/output/s3x_pi.o
                0x0000000000004000                s3x_get_pi
 .text.s3x_get_pi_gindex
                0x0000000000004020       0x14 /home/ramesh720/Desktop/Mtech/FPGA_LAB/Assignment6/GCC_Project/output/s3x_pi.o
                0x0000000000004020                s3x_get_pi_gindex
 .text.s3x_pi_get_st
                0x0000000000004034       0x24 /home/ramesh720/Desktop/Mtech/FPGA_LAB/Assignment6/GCC_Project/output/s3x_pi.o
                0x0000000000004034                s3x_pi_get_st
 .text.s3x_pi_set_cfg_st
                0x0000000000004058       0x94 /home/ramesh720/Desktop/Mtech/FPGA_LAB/Assignment6/GCC_Project/output/s3x_pi.o
                0x0000000000004058                s3x_pi_set_cfg_st
 .text.s3x_pi_set_active_st
                0x00000000000040ec       0xa8 /home/ramesh720/Desktop/Mtech/FPGA_LAB/Assignment6/GCC_Project/output/s3x_pi.o
                0x00000000000040ec                s3x_pi_set_active_st
 .text.s3x_pi_get_clkg_st
                0x0000000000004194       0x36 /home/ramesh720/Desktop/Mtech/FPGA_LAB/Assignment6/GCC_Project/output/s3x_pi.o
                0x0000000000004194                s3x_pi_get_clkg_st
 .text.s3x_pi_set_clkg_st
                0x00000000000041ca       0x26 /home/ramesh720/Desktop/Mtech/FPGA_LAB/Assignment6/GCC_Project/output/s3x_pi.o
                0x00000000000041ca                s3x_pi_set_clkg_st
 .text.s3x_set_pi_state
                0x00000000000041f0        0xc /home/ramesh720/Desktop/Mtech/FPGA_LAB/Assignment6/GCC_Project/output/s3x_pi.o
                0x00000000000041f0                s3x_set_pi_state
 .text.s3x_get_pi_init_state
                0x00000000000041fc       0x18 /home/ramesh720/Desktop/Mtech/FPGA_LAB/Assignment6/GCC_Project/output/s3x_pi.o
                0x00000000000041fc                s3x_get_pi_init_state
 .text.S3x_pi_init
                0x0000000000004214       0x20 /home/ramesh720/Desktop/Mtech/FPGA_LAB/Assignment6/GCC_Project/output/s3x_pi.o
                0x0000000000004214                S3x_pi_init
 .text.S3x_pwrcfg_init
                0x0000000000004234       0x2c /home/ramesh720/Desktop/Mtech/FPGA_LAB/Assignment6/GCC_Project/output/s3x_pwrcfg.o
                0x0000000000004234                S3x_pwrcfg_init
 .text.S3x_get_qos_rate
                0x0000000000004260       0x38 /home/ramesh720/Desktop/Mtech/FPGA_LAB/Assignment6/GCC_Project/output/s3x_qos.o
                0x0000000000004260                S3x_get_qos_rate
 .text.save_assert_info
                0x0000000000004298       0x74 /home/ramesh720/Desktop/Mtech/FPGA_LAB/Assignment6/GCC_Project/output/sec_debug.o
                0x0000000000004298                save_assert_info
 .text.invoke_soft_fault
                0x000000000000430c       0x20 /home/ramesh720/Desktop/Mtech/FPGA_LAB/Assignment6/GCC_Project/output/sec_debug.o
                0x000000000000430c                invoke_soft_fault
 .text.Reset_Handler
                0x000000000000432c       0x2c /home/ramesh720/Desktop/Mtech/FPGA_LAB/Assignment6/GCC_Project/output/startup_EOSS3B_GCC.o
                0x000000000000432c                Reset_Handler
 .text.__semihost_call
                0x0000000000004358        0x6 /home/ramesh720/Desktop/Mtech/FPGA_LAB/Assignment6/GCC_Project/output/startup_EOSS3B_GCC.o
                0x0000000000004358                __semihost_call
 *fill*         0x000000000000435e        0x2 
 .text.prvResetNextTaskUnblockTime
                0x0000000000004360       0x24 /home/ramesh720/Desktop/Mtech/FPGA_LAB/Assignment6/GCC_Project/output/tasks.o
 .text.prvAddCurrentTaskToDelayedList
                0x0000000000004384       0x8c /home/ramesh720/Desktop/Mtech/FPGA_LAB/Assignment6/GCC_Project/output/tasks.o
 .text.xTaskCreate
                0x0000000000004410      0x1e0 /home/ramesh720/Desktop/Mtech/FPGA_LAB/Assignment6/GCC_Project/output/tasks.o
                0x0000000000004410                xTaskCreate
 .text.vTaskSuspendAll
                0x00000000000045f0       0x10 /home/ramesh720/Desktop/Mtech/FPGA_LAB/Assignment6/GCC_Project/output/tasks.o
                0x00000000000045f0                vTaskSuspendAll
 .text.xTaskGetTickCount
                0x0000000000004600        0xc /home/ramesh720/Desktop/Mtech/FPGA_LAB/Assignment6/GCC_Project/output/tasks.o
                0x0000000000004600                xTaskGetTickCount
 .text.xTaskIncrementTick
                0x000000000000460c      0x14c /home/ramesh720/Desktop/Mtech/FPGA_LAB/Assignment6/GCC_Project/output/tasks.o
                0x000000000000460c                xTaskIncrementTick
 .text.xTaskResumeAll
                0x0000000000004758      0x100 /home/ramesh720/Desktop/Mtech/FPGA_LAB/Assignment6/GCC_Project/output/tasks.o
                0x0000000000004758                xTaskResumeAll
 .text.vTaskDelay
                0x0000000000004858       0x60 /home/ramesh720/Desktop/Mtech/FPGA_LAB/Assignment6/GCC_Project/output/tasks.o
                0x0000000000004858                vTaskDelay
 .text.vTaskSwitchContext
                0x00000000000048b8       0xb8 /home/ramesh720/Desktop/Mtech/FPGA_LAB/Assignment6/GCC_Project/output/tasks.o
                0x00000000000048b8                vTaskSwitchContext
 .text.vTaskPlaceOnEventList
                0x0000000000004970       0x48 /home/ramesh720/Desktop/Mtech/FPGA_LAB/Assignment6/GCC_Project/output/tasks.o
                0x0000000000004970                vTaskPlaceOnEventList
 .text.xTaskRemoveFromEventList
                0x00000000000049b8       0x9c /home/ramesh720/Desktop/Mtech/FPGA_LAB/Assignment6/GCC_Project/output/tasks.o
                0x00000000000049b8                xTaskRemoveFromEventList
 .text.vTaskInternalSetTimeOutState
                0x0000000000004a54       0x18 /home/ramesh720/Desktop/Mtech/FPGA_LAB/Assignment6/GCC_Project/output/tasks.o
                0x0000000000004a54                vTaskInternalSetTimeOutState
 .text.xTaskCheckForTimeOut
                0x0000000000004a6c       0x94 /home/ramesh720/Desktop/Mtech/FPGA_LAB/Assignment6/GCC_Project/output/tasks.o
                0x0000000000004a6c                xTaskCheckForTimeOut
 .text.vTaskMissedYield
                0x0000000000004b00        0xc /home/ramesh720/Desktop/Mtech/FPGA_LAB/Assignment6/GCC_Project/output/tasks.o
                0x0000000000004b00                vTaskMissedYield
 .text.uxTaskGetTCBNumber
                0x0000000000004b0c       0x14 /home/ramesh720/Desktop/Mtech/FPGA_LAB/Assignment6/GCC_Project/output/tasks.o
                0x0000000000004b0c                uxTaskGetTCBNumber
 .text.xTaskGetCurrentTaskHandle
                0x0000000000004b20        0xc /home/ramesh720/Desktop/Mtech/FPGA_LAB/Assignment6/GCC_Project/output/tasks.o
                0x0000000000004b20                xTaskGetCurrentTaskHandle
 .text.xTaskGetSchedulerState
                0x0000000000004b2c       0x20 /home/ramesh720/Desktop/Mtech/FPGA_LAB/Assignment6/GCC_Project/output/tasks.o
                0x0000000000004b2c                xTaskGetSchedulerState
 .text.xTaskPriorityInherit
                0x0000000000004b4c       0xa8 /home/ramesh720/Desktop/Mtech/FPGA_LAB/Assignment6/GCC_Project/output/tasks.o
                0x0000000000004b4c                xTaskPriorityInherit
 .text.xTaskPriorityDisinherit
                0x0000000000004bf4       0xc4 /home/ramesh720/Desktop/Mtech/FPGA_LAB/Assignment6/GCC_Project/output/tasks.o
                0x0000000000004bf4                xTaskPriorityDisinherit
 .text.vTaskPriorityDisinheritAfterTimeout
                0x0000000000004cb8       0xd8 /home/ramesh720/Desktop/Mtech/FPGA_LAB/Assignment6/GCC_Project/output/tasks.o
                0x0000000000004cb8                vTaskPriorityDisinheritAfterTimeout
 .text.pvTaskIncrementMutexHeldCount
                0x0000000000004d90       0x18 /home/ramesh720/Desktop/Mtech/FPGA_LAB/Assignment6/GCC_Project/output/tasks.o
                0x0000000000004d90                pvTaskIncrementMutexHeldCount
 .text.prvCheckForValidListAndQueue
                0x0000000000004da8       0x58 /home/ramesh720/Desktop/Mtech/FPGA_LAB/Assignment6/GCC_Project/output/timers.o
 .text.xTimerCreate
                0x0000000000004e00       0x58 /home/ramesh720/Desktop/Mtech/FPGA_LAB/Assignment6/GCC_Project/output/timers.o
                0x0000000000004e00                xTimerCreate
 .text.xTimerGenericCommand
                0x0000000000004e58       0x70 /home/ramesh720/Desktop/Mtech/FPGA_LAB/Assignment6/GCC_Project/output/timers.o
                0x0000000000004e58                xTimerGenericCommand
 .text          0x0000000000004ec8       0x30 /home/ramesh720/Desktop/Mtech/FPGA_LAB/ass5_installs/qorc-sdk/arm_toolchain_install/gcc-arm-none-eabi-9-2020-q2-update/bin/../lib/gcc/arm-none-eabi/9.3.1/thumb/v7e-m+fp/hard/libgcc.a(_aeabi_uldivmod.o)
                0x0000000000004ec8                __aeabi_uldivmod
 .text          0x0000000000004ef8      0x2c4 /home/ramesh720/Desktop/Mtech/FPGA_LAB/ass5_installs/qorc-sdk/arm_toolchain_install/gcc-arm-none-eabi-9-2020-q2-update/bin/../lib/gcc/arm-none-eabi/9.3.1/thumb/v7e-m+fp/hard/libgcc.a(_udivmoddi4.o)
                0x0000000000004ef8                __udivmoddi4
 .text          0x00000000000051bc        0x4 /home/ramesh720/Desktop/Mtech/FPGA_LAB/ass5_installs/qorc-sdk/arm_toolchain_install/gcc-arm-none-eabi-9-2020-q2-update/bin/../lib/gcc/arm-none-eabi/9.3.1/thumb/v7e-m+fp/hard/libgcc.a(_dvmd_tls.o)
                0x00000000000051bc                __aeabi_ldiv0
                0x00000000000051bc                __aeabi_idiv0
 .text.exit     0x00000000000051c0       0x28 /home/ramesh720/Desktop/Mtech/FPGA_LAB/ass5_installs/qorc-sdk/arm_toolchain_install/gcc-arm-none-eabi-9-2020-q2-update/bin/../lib/gcc/arm-none-eabi/9.3.1/../../../../arm-none-eabi/lib/thumb/v7e-m+fp/hard/libg_nano.a(lib_a-exit.o)
                0x00000000000051c0                exit
 .text.__libc_init_array
                0x00000000000051e8       0x48 /home/ramesh720/Desktop/Mtech/FPGA_LAB/ass5_installs/qorc-sdk/arm_toolchain_install/gcc-arm-none-eabi-9-2020-q2-update/bin/../lib/gcc/arm-none-eabi/9.3.1/../../../../arm-none-eabi/lib/thumb/v7e-m+fp/hard/libg_nano.a(lib_a-init.o)
                0x00000000000051e8                __libc_init_array
 .text.memcpy   0x0000000000005230       0x1c /home/ramesh720/Desktop/Mtech/FPGA_LAB/ass5_installs/qorc-sdk/arm_toolchain_install/gcc-arm-none-eabi-9-2020-q2-update/bin/../lib/gcc/arm-none-eabi/9.3.1/../../../../arm-none-eabi/lib/thumb/v7e-m+fp/hard/libg_nano.a(lib_a-memcpy-stub.o)
                0x0000000000005230                memcpy
 .text.memset   0x000000000000524c       0x10 /home/ramesh720/Desktop/Mtech/FPGA_LAB/ass5_installs/qorc-sdk/arm_toolchain_install/gcc-arm-none-eabi-9-2020-q2-update/bin/../lib/gcc/arm-none-eabi/9.3.1/../../../../arm-none-eabi/lib/thumb/v7e-m+fp/hard/libg_nano.a(lib_a-memset.o)
                0x000000000000524c                memset
 .text._free_r  0x000000000000525c       0xa0 /home/ramesh720/Desktop/Mtech/FPGA_LAB/ass5_installs/qorc-sdk/arm_toolchain_install/gcc-arm-none-eabi-9-2020-q2-update/bin/../lib/gcc/arm-none-eabi/9.3.1/../../../../arm-none-eabi/lib/thumb/v7e-m+fp/hard/libg_nano.a(lib_a-nano-freer.o)
                0x000000000000525c                _free_r
 .text._malloc_r
                0x00000000000052fc       0xb4 /home/ramesh720/Desktop/Mtech/FPGA_LAB/ass5_installs/qorc-sdk/arm_toolchain_install/gcc-arm-none-eabi-9-2020-q2-update/bin/../lib/gcc/arm-none-eabi/9.3.1/../../../../arm-none-eabi/lib/thumb/v7e-m+fp/hard/libg_nano.a(lib_a-nano-mallocr.o)
                0x00000000000052fc                _malloc_r
 .text.printf   0x00000000000053b0       0x30 /home/ramesh720/Desktop/Mtech/FPGA_LAB/ass5_installs/qorc-sdk/arm_toolchain_install/gcc-arm-none-eabi-9-2020-q2-update/bin/../lib/gcc/arm-none-eabi/9.3.1/../../../../arm-none-eabi/lib/thumb/v7e-m+fp/hard/libg_nano.a(lib_a-printf.o)
                0x00000000000053b0                printf
                0x00000000000053b0                iprintf
 .text._puts_r  0x00000000000053e0       0xdc /home/ramesh720/Desktop/Mtech/FPGA_LAB/ass5_installs/qorc-sdk/arm_toolchain_install/gcc-arm-none-eabi-9-2020-q2-update/bin/../lib/gcc/arm-none-eabi/9.3.1/../../../../arm-none-eabi/lib/thumb/v7e-m+fp/hard/libg_nano.a(lib_a-puts.o)
                0x00000000000053e0                _puts_r
 .text.puts     0x00000000000054bc       0x10 /home/ramesh720/Desktop/Mtech/FPGA_LAB/ass5_installs/qorc-sdk/arm_toolchain_install/gcc-arm-none-eabi-9-2020-q2-update/bin/../lib/gcc/arm-none-eabi/9.3.1/../../../../arm-none-eabi/lib/thumb/v7e-m+fp/hard/libg_nano.a(lib_a-puts.o)
                0x00000000000054bc                puts
 .text._sbrk_r  0x00000000000054cc       0x20 /home/ramesh720/Desktop/Mtech/FPGA_LAB/ass5_installs/qorc-sdk/arm_toolchain_install/gcc-arm-none-eabi-9-2020-q2-update/bin/../lib/gcc/arm-none-eabi/9.3.1/../../../../arm-none-eabi/lib/thumb/v7e-m+fp/hard/libg_nano.a(lib_a-sbrkr.o)
                0x00000000000054cc                _sbrk_r
 .text          0x00000000000054ec       0x1c /home/ramesh720/Desktop/Mtech/FPGA_LAB/ass5_installs/qorc-sdk/arm_toolchain_install/gcc-arm-none-eabi-9-2020-q2-update/bin/../lib/gcc/arm-none-eabi/9.3.1/../../../../arm-none-eabi/lib/thumb/v7e-m+fp/hard/libg_nano.a(lib_a-setjmp.o)
                0x00000000000054ec                setjmp
                0x00000000000054f8                longjmp
 .text.snprintf
                0x0000000000005508       0x68 /home/ramesh720/Desktop/Mtech/FPGA_LAB/ass5_installs/qorc-sdk/arm_toolchain_install/gcc-arm-none-eabi-9-2020-q2-update/bin/../lib/gcc/arm-none-eabi/9.3.1/../../../../arm-none-eabi/lib/thumb/v7e-m+fp/hard/libg_nano.a(lib_a-snprintf.o)
                0x0000000000005508                snprintf
                0x0000000000005508                sniprintf
 .text.sprintf  0x0000000000005570       0x40 /home/ramesh720/Desktop/Mtech/FPGA_LAB/ass5_installs/qorc-sdk/arm_toolchain_install/gcc-arm-none-eabi-9-2020-q2-update/bin/../lib/gcc/arm-none-eabi/9.3.1/../../../../arm-none-eabi/lib/thumb/v7e-m+fp/hard/libg_nano.a(lib_a-sprintf.o)
                0x0000000000005570                sprintf
                0x0000000000005570                siprintf
 .text.strchr   0x00000000000055b0       0x1a /home/ramesh720/Desktop/Mtech/FPGA_LAB/ass5_installs/qorc-sdk/arm_toolchain_install/gcc-arm-none-eabi-9-2020-q2-update/bin/../lib/gcc/arm-none-eabi/9.3.1/../../../../arm-none-eabi/lib/thumb/v7e-m+fp/hard/libg_nano.a(lib_a-strchr.o)
                0x00000000000055b0                strchr
 .text          0x00000000000055ca       0x14 /home/ramesh720/Desktop/Mtech/FPGA_LAB/ass5_installs/qorc-sdk/arm_toolchain_install/gcc-arm-none-eabi-9-2020-q2-update/bin/../lib/gcc/arm-none-eabi/9.3.1/../../../../arm-none-eabi/lib/thumb/v7e-m+fp/hard/libg_nano.a(lib_a-strcmp.o)
                0x00000000000055ca                strcmp
 .text.strcpy   0x00000000000055de       0x10 /home/ramesh720/Desktop/Mtech/FPGA_LAB/ass5_installs/qorc-sdk/arm_toolchain_install/gcc-arm-none-eabi-9-2020-q2-update/bin/../lib/gcc/arm-none-eabi/9.3.1/../../../../arm-none-eabi/lib/thumb/v7e-m+fp/hard/libg_nano.a(lib_a-strcpy.o)
                0x00000000000055de                strcpy
 .text          0x00000000000055ee       0x10 /home/ramesh720/Desktop/Mtech/FPGA_LAB/ass5_installs/qorc-sdk/arm_toolchain_install/gcc-arm-none-eabi-9-2020-q2-update/bin/../lib/gcc/arm-none-eabi/9.3.1/../../../../arm-none-eabi/lib/thumb/v7e-m+fp/hard/libg_nano.a(lib_a-strlen.o)
                0x00000000000055ee                strlen
 .text.strncpy  0x00000000000055fe       0x26 /home/ramesh720/Desktop/Mtech/FPGA_LAB/ass5_installs/qorc-sdk/arm_toolchain_install/gcc-arm-none-eabi-9-2020-q2-update/bin/../lib/gcc/arm-none-eabi/9.3.1/../../../../arm-none-eabi/lib/thumb/v7e-m+fp/hard/libg_nano.a(lib_a-strncpy.o)
                0x00000000000055fe                strncpy
 .text.strrchr  0x0000000000005624       0x28 /home/ramesh720/Desktop/Mtech/FPGA_LAB/ass5_installs/qorc-sdk/arm_toolchain_install/gcc-arm-none-eabi-9-2020-q2-update/bin/../lib/gcc/arm-none-eabi/9.3.1/../../../../arm-none-eabi/lib/thumb/v7e-m+fp/hard/libg_nano.a(lib_a-strrchr.o)
                0x0000000000005624                strrchr
 .text.__strtok_r
                0x000000000000564c       0x50 /home/ramesh720/Desktop/Mtech/FPGA_LAB/ass5_installs/qorc-sdk/arm_toolchain_install/gcc-arm-none-eabi-9-2020-q2-update/bin/../lib/gcc/arm-none-eabi/9.3.1/../../../../arm-none-eabi/lib/thumb/v7e-m+fp/hard/libg_nano.a(lib_a-strtok_r.o)
                0x000000000000564c                __strtok_r
 .text.strtok_r
                0x000000000000569c        0x6 /home/ramesh720/Desktop/Mtech/FPGA_LAB/ass5_installs/qorc-sdk/arm_toolchain_install/gcc-arm-none-eabi-9-2020-q2-update/bin/../lib/gcc/arm-none-eabi/9.3.1/../../../../arm-none-eabi/lib/thumb/v7e-m+fp/hard/libg_nano.a(lib_a-strtok_r.o)
                0x000000000000569c                strtok_r
 *fill*         0x00000000000056a2        0x2 
 .text._strtoll_l.isra.0
                0x00000000000056a4      0x12c /home/ramesh720/Desktop/Mtech/FPGA_LAB/ass5_installs/qorc-sdk/arm_toolchain_install/gcc-arm-none-eabi-9-2020-q2-update/bin/../lib/gcc/arm-none-eabi/9.3.1/../../../../arm-none-eabi/lib/thumb/v7e-m+fp/hard/libg_nano.a(lib_a-strtoll.o)
 .text.strtoll  0x00000000000057d0       0x14 /home/ramesh720/Desktop/Mtech/FPGA_LAB/ass5_installs/qorc-sdk/arm_toolchain_install/gcc-arm-none-eabi-9-2020-q2-update/bin/../lib/gcc/arm-none-eabi/9.3.1/../../../../arm-none-eabi/lib/thumb/v7e-m+fp/hard/libg_nano.a(lib_a-strtoll.o)
                0x00000000000057d0                strtoll
 .text._strtoull_l.isra.0
                0x00000000000057e4      0x134 /home/ramesh720/Desktop/Mtech/FPGA_LAB/ass5_installs/qorc-sdk/arm_toolchain_install/gcc-arm-none-eabi-9-2020-q2-update/bin/../lib/gcc/arm-none-eabi/9.3.1/../../../../arm-none-eabi/lib/thumb/v7e-m+fp/hard/libg_nano.a(lib_a-strtoull.o)
 .text.strtoull
                0x0000000000005918       0x14 /home/ramesh720/Desktop/Mtech/FPGA_LAB/ass5_installs/qorc-sdk/arm_toolchain_install/gcc-arm-none-eabi-9-2020-q2-update/bin/../lib/gcc/arm-none-eabi/9.3.1/../../../../arm-none-eabi/lib/thumb/v7e-m+fp/hard/libg_nano.a(lib_a-strtoull.o)
                0x0000000000005918                strtoull
 .text._vsnprintf_r
                0x000000000000592c       0x58 /home/ramesh720/Desktop/Mtech/FPGA_LAB/ass5_installs/qorc-sdk/arm_toolchain_install/gcc-arm-none-eabi-9-2020-q2-update/bin/../lib/gcc/arm-none-eabi/9.3.1/../../../../arm-none-eabi/lib/thumb/v7e-m+fp/hard/libg_nano.a(lib_a-vsnprintf.o)
                0x000000000000592c                _vsnprintf_r
                0x000000000000592c                _vsniprintf_r
 .text.vsnprintf
                0x0000000000005984       0x1c /home/ramesh720/Desktop/Mtech/FPGA_LAB/ass5_installs/qorc-sdk/arm_toolchain_install/gcc-arm-none-eabi-9-2020-q2-update/bin/../lib/gcc/arm-none-eabi/9.3.1/../../../../arm-none-eabi/lib/thumb/v7e-m+fp/hard/libg_nano.a(lib_a-vsnprintf.o)
                0x0000000000005984                vsnprintf
                0x0000000000005984                vsniprintf
 .text.__swbuf_r
                0x00000000000059a0       0xa4 /home/ramesh720/Desktop/Mtech/FPGA_LAB/ass5_installs/qorc-sdk/arm_toolchain_install/gcc-arm-none-eabi-9-2020-q2-update/bin/../lib/gcc/arm-none-eabi/9.3.1/../../../../arm-none-eabi/lib/thumb/v7e-m+fp/hard/libg_nano.a(lib_a-wbuf.o)
                0x00000000000059a0                __swbuf_r
 .text.__swsetup_r
                0x0000000000005a44       0xdc /home/ramesh720/Desktop/Mtech/FPGA_LAB/ass5_installs/qorc-sdk/arm_toolchain_install/gcc-arm-none-eabi-9-2020-q2-update/bin/../lib/gcc/arm-none-eabi/9.3.1/../../../../arm-none-eabi/lib/thumb/v7e-m+fp/hard/libg_nano.a(lib_a-wsetup.o)
                0x0000000000005a44                __swsetup_r
 .text.__sflush_r
                0x0000000000005b20      0x10c /home/ramesh720/Desktop/Mtech/FPGA_LAB/ass5_installs/qorc-sdk/arm_toolchain_install/gcc-arm-none-eabi-9-2020-q2-update/bin/../lib/gcc/arm-none-eabi/9.3.1/../../../../arm-none-eabi/lib/thumb/v7e-m+fp/hard/libg_nano.a(lib_a-fflush.o)
                0x0000000000005b20                __sflush_r
 .text._fflush_r
                0x0000000000005c2c       0x78 /home/ramesh720/Desktop/Mtech/FPGA_LAB/ass5_installs/qorc-sdk/arm_toolchain_install/gcc-arm-none-eabi-9-2020-q2-update/bin/../lib/gcc/arm-none-eabi/9.3.1/../../../../arm-none-eabi/lib/thumb/v7e-m+fp/hard/libg_nano.a(lib_a-fflush.o)
                0x0000000000005c2c                _fflush_r
 .text.std      0x0000000000005ca4       0x48 /home/ramesh720/Desktop/Mtech/FPGA_LAB/ass5_installs/qorc-sdk/arm_toolchain_install/gcc-arm-none-eabi-9-2020-q2-update/bin/../lib/gcc/arm-none-eabi/9.3.1/../../../../arm-none-eabi/lib/thumb/v7e-m+fp/hard/libg_nano.a(lib_a-findfp.o)
 .text._cleanup_r
                0x0000000000005cec        0xc /home/ramesh720/Desktop/Mtech/FPGA_LAB/ass5_installs/qorc-sdk/arm_toolchain_install/gcc-arm-none-eabi-9-2020-q2-update/bin/../lib/gcc/arm-none-eabi/9.3.1/../../../../arm-none-eabi/lib/thumb/v7e-m+fp/hard/libg_nano.a(lib_a-findfp.o)
                0x0000000000005cec                _cleanup_r
 .text.__sfmoreglue
                0x0000000000005cf8       0x2c /home/ramesh720/Desktop/Mtech/FPGA_LAB/ass5_installs/qorc-sdk/arm_toolchain_install/gcc-arm-none-eabi-9-2020-q2-update/bin/../lib/gcc/arm-none-eabi/9.3.1/../../../../arm-none-eabi/lib/thumb/v7e-m+fp/hard/libg_nano.a(lib_a-findfp.o)
                0x0000000000005cf8                __sfmoreglue
 .text.__sfp_lock_acquire
                0x0000000000005d24        0xc /home/ramesh720/Desktop/Mtech/FPGA_LAB/ass5_installs/qorc-sdk/arm_toolchain_install/gcc-arm-none-eabi-9-2020-q2-update/bin/../lib/gcc/arm-none-eabi/9.3.1/../../../../arm-none-eabi/lib/thumb/v7e-m+fp/hard/libg_nano.a(lib_a-findfp.o)
                0x0000000000005d24                __sfp_lock_acquire
 .text.__sfp_lock_release
                0x0000000000005d30        0xc /home/ramesh720/Desktop/Mtech/FPGA_LAB/ass5_installs/qorc-sdk/arm_toolchain_install/gcc-arm-none-eabi-9-2020-q2-update/bin/../lib/gcc/arm-none-eabi/9.3.1/../../../../arm-none-eabi/lib/thumb/v7e-m+fp/hard/libg_nano.a(lib_a-findfp.o)
                0x0000000000005d30                __sfp_lock_release
 .text.__sinit_lock_acquire
                0x0000000000005d3c        0xc /home/ramesh720/Desktop/Mtech/FPGA_LAB/ass5_installs/qorc-sdk/arm_toolchain_install/gcc-arm-none-eabi-9-2020-q2-update/bin/../lib/gcc/arm-none-eabi/9.3.1/../../../../arm-none-eabi/lib/thumb/v7e-m+fp/hard/libg_nano.a(lib_a-findfp.o)
                0x0000000000005d3c                __sinit_lock_acquire
 .text.__sinit_lock_release
                0x0000000000005d48        0xc /home/ramesh720/Desktop/Mtech/FPGA_LAB/ass5_installs/qorc-sdk/arm_toolchain_install/gcc-arm-none-eabi-9-2020-q2-update/bin/../lib/gcc/arm-none-eabi/9.3.1/../../../../arm-none-eabi/lib/thumb/v7e-m+fp/hard/libg_nano.a(lib_a-findfp.o)
                0x0000000000005d48                __sinit_lock_release
 .text.__sinit  0x0000000000005d54       0x70 /home/ramesh720/Desktop/Mtech/FPGA_LAB/ass5_installs/qorc-sdk/arm_toolchain_install/gcc-arm-none-eabi-9-2020-q2-update/bin/../lib/gcc/arm-none-eabi/9.3.1/../../../../arm-none-eabi/lib/thumb/v7e-m+fp/hard/libg_nano.a(lib_a-findfp.o)
                0x0000000000005d54                __sinit
 .text.__sfp    0x0000000000005dc4       0x8c /home/ramesh720/Desktop/Mtech/FPGA_LAB/ass5_installs/qorc-sdk/arm_toolchain_install/gcc-arm-none-eabi-9-2020-q2-update/bin/../lib/gcc/arm-none-eabi/9.3.1/../../../../arm-none-eabi/lib/thumb/v7e-m+fp/hard/libg_nano.a(lib_a-findfp.o)
                0x0000000000005dc4                __sfp
 .text._fwalk_reent
                0x0000000000005e50       0x3e /home/ramesh720/Desktop/Mtech/FPGA_LAB/ass5_installs/qorc-sdk/arm_toolchain_install/gcc-arm-none-eabi-9-2020-q2-update/bin/../lib/gcc/arm-none-eabi/9.3.1/../../../../arm-none-eabi/lib/thumb/v7e-m+fp/hard/libg_nano.a(lib_a-fwalk.o)
                0x0000000000005e50                _fwalk_reent
 .text.__retarget_lock_init_recursive
                0x0000000000005e8e        0x2 /home/ramesh720/Desktop/Mtech/FPGA_LAB/ass5_installs/qorc-sdk/arm_toolchain_install/gcc-arm-none-eabi-9-2020-q2-update/bin/../lib/gcc/arm-none-eabi/9.3.1/../../../../arm-none-eabi/lib/thumb/v7e-m+fp/hard/libg_nano.a(lib_a-lock.o)
                0x0000000000005e8e                __retarget_lock_init_recursive
 .text.__retarget_lock_acquire_recursive
                0x0000000000005e90        0x2 /home/ramesh720/Desktop/Mtech/FPGA_LAB/ass5_installs/qorc-sdk/arm_toolchain_install/gcc-arm-none-eabi-9-2020-q2-update/bin/../lib/gcc/arm-none-eabi/9.3.1/../../../../arm-none-eabi/lib/thumb/v7e-m+fp/hard/libg_nano.a(lib_a-lock.o)
                0x0000000000005e90                __retarget_lock_acquire_recursive
 .text.__retarget_lock_release_recursive
                0x0000000000005e92        0x2 /home/ramesh720/Desktop/Mtech/FPGA_LAB/ass5_installs/qorc-sdk/arm_toolchain_install/gcc-arm-none-eabi-9-2020-q2-update/bin/../lib/gcc/arm-none-eabi/9.3.1/../../../../arm-none-eabi/lib/thumb/v7e-m+fp/hard/libg_nano.a(lib_a-lock.o)
                0x0000000000005e92                __retarget_lock_release_recursive
 .text.__swhatbuf_r
                0x0000000000005e94       0x48 /home/ramesh720/Desktop/Mtech/FPGA_LAB/ass5_installs/qorc-sdk/arm_toolchain_install/gcc-arm-none-eabi-9-2020-q2-update/bin/../lib/gcc/arm-none-eabi/9.3.1/../../../../arm-none-eabi/lib/thumb/v7e-m+fp/hard/libg_nano.a(lib_a-makebuf.o)
                0x0000000000005e94                __swhatbuf_r
 .text.__smakebuf_r
                0x0000000000005edc       0x80 /home/ramesh720/Desktop/Mtech/FPGA_LAB/ass5_installs/qorc-sdk/arm_toolchain_install/gcc-arm-none-eabi-9-2020-q2-update/bin/../lib/gcc/arm-none-eabi/9.3.1/../../../../arm-none-eabi/lib/thumb/v7e-m+fp/hard/libg_nano.a(lib_a-makebuf.o)
                0x0000000000005edc                __smakebuf_r
 .text.__malloc_lock
                0x0000000000005f5c        0xc /home/ramesh720/Desktop/Mtech/FPGA_LAB/ass5_installs/qorc-sdk/arm_toolchain_install/gcc-arm-none-eabi-9-2020-q2-update/bin/../lib/gcc/arm-none-eabi/9.3.1/../../../../arm-none-eabi/lib/thumb/v7e-m+fp/hard/libg_nano.a(lib_a-mlock.o)
                0x0000000000005f5c                __malloc_lock
 .text.__malloc_unlock
                0x0000000000005f68        0xc /home/ramesh720/Desktop/Mtech/FPGA_LAB/ass5_installs/qorc-sdk/arm_toolchain_install/gcc-arm-none-eabi-9-2020-q2-update/bin/../lib/gcc/arm-none-eabi/9.3.1/../../../../arm-none-eabi/lib/thumb/v7e-m+fp/hard/libg_nano.a(lib_a-mlock.o)
                0x0000000000005f68                __malloc_unlock
 .text.__ssputs_r
                0x0000000000005f74       0xb6 /home/ramesh720/Desktop/Mtech/FPGA_LAB/ass5_installs/qorc-sdk/arm_toolchain_install/gcc-arm-none-eabi-9-2020-q2-update/bin/../lib/gcc/arm-none-eabi/9.3.1/../../../../arm-none-eabi/lib/thumb/v7e-m+fp/hard/libg_nano.a(lib_a-nano-svfprintf.o)
                0x0000000000005f74                __ssputs_r
 *fill*         0x000000000000602a        0x2 
 .text._svfprintf_r
                0x000000000000602c      0x200 /home/ramesh720/Desktop/Mtech/FPGA_LAB/ass5_installs/qorc-sdk/arm_toolchain_install/gcc-arm-none-eabi-9-2020-q2-update/bin/../lib/gcc/arm-none-eabi/9.3.1/../../../../arm-none-eabi/lib/thumb/v7e-m+fp/hard/libg_nano.a(lib_a-nano-svfprintf.o)
                0x000000000000602c                _svfprintf_r
                0x000000000000602c                _svfiprintf_r
 .text.__sfputc_r
                0x000000000000622c       0x2e /home/ramesh720/Desktop/Mtech/FPGA_LAB/ass5_installs/qorc-sdk/arm_toolchain_install/gcc-arm-none-eabi-9-2020-q2-update/bin/../lib/gcc/arm-none-eabi/9.3.1/../../../../arm-none-eabi/lib/thumb/v7e-m+fp/hard/libg_nano.a(lib_a-nano-vfprintf.o)
 .text.__sfputs_r
                0x000000000000625a       0x24 /home/ramesh720/Desktop/Mtech/FPGA_LAB/ass5_installs/qorc-sdk/arm_toolchain_install/gcc-arm-none-eabi-9-2020-q2-update/bin/../lib/gcc/arm-none-eabi/9.3.1/../../../../arm-none-eabi/lib/thumb/v7e-m+fp/hard/libg_nano.a(lib_a-nano-vfprintf.o)
                0x000000000000625a                __sfputs_r
 *fill*         0x000000000000627e        0x2 
 .text._vfprintf_r
                0x0000000000006280      0x260 /home/ramesh720/Desktop/Mtech/FPGA_LAB/ass5_installs/qorc-sdk/arm_toolchain_install/gcc-arm-none-eabi-9-2020-q2-update/bin/../lib/gcc/arm-none-eabi/9.3.1/../../../../arm-none-eabi/lib/thumb/v7e-m+fp/hard/libg_nano.a(lib_a-nano-vfprintf.o)
                0x0000000000006280                _vfiprintf_r
                0x0000000000006280                _vfprintf_r
 .text._printf_common
                0x00000000000064e0       0xda /home/ramesh720/Desktop/Mtech/FPGA_LAB/ass5_installs/qorc-sdk/arm_toolchain_install/gcc-arm-none-eabi-9-2020-q2-update/bin/../lib/gcc/arm-none-eabi/9.3.1/../../../../arm-none-eabi/lib/thumb/v7e-m+fp/hard/libg_nano.a(lib_a-nano-vfprintf_i.o)
                0x00000000000064e0                _printf_common
 *fill*         0x00000000000065ba        0x2 
 .text._printf_i
                0x00000000000065bc      0x24c /home/ramesh720/Desktop/Mtech/FPGA_LAB/ass5_installs/qorc-sdk/arm_toolchain_install/gcc-arm-none-eabi-9-2020-q2-update/bin/../lib/gcc/arm-none-eabi/9.3.1/../../../../arm-none-eabi/lib/thumb/v7e-m+fp/hard/libg_nano.a(lib_a-nano-vfprintf_i.o)
                0x00000000000065bc                _printf_i
 .text.__sread  0x0000000000006808       0x22 /home/ramesh720/Desktop/Mtech/FPGA_LAB/ass5_installs/qorc-sdk/arm_toolchain_install/gcc-arm-none-eabi-9-2020-q2-update/bin/../lib/gcc/arm-none-eabi/9.3.1/../../../../arm-none-eabi/lib/thumb/v7e-m+fp/hard/libg_nano.a(lib_a-stdio.o)
                0x0000000000006808                __sread
 .text.__swrite
                0x000000000000682a       0x38 /home/ramesh720/Desktop/Mtech/FPGA_LAB/ass5_installs/qorc-sdk/arm_toolchain_install/gcc-arm-none-eabi-9-2020-q2-update/bin/../lib/gcc/arm-none-eabi/9.3.1/../../../../arm-none-eabi/lib/thumb/v7e-m+fp/hard/libg_nano.a(lib_a-stdio.o)
                0x000000000000682a                __swrite
 .text.__sseek  0x0000000000006862       0x24 /home/ramesh720/Desktop/Mtech/FPGA_LAB/ass5_installs/qorc-sdk/arm_toolchain_install/gcc-arm-none-eabi-9-2020-q2-update/bin/../lib/gcc/arm-none-eabi/9.3.1/../../../../arm-none-eabi/lib/thumb/v7e-m+fp/hard/libg_nano.a(lib_a-stdio.o)
                0x0000000000006862                __sseek
 .text.__sclose
                0x0000000000006886        0x8 /home/ramesh720/Desktop/Mtech/FPGA_LAB/ass5_installs/qorc-sdk/arm_toolchain_install/gcc-arm-none-eabi-9-2020-q2-update/bin/../lib/gcc/arm-none-eabi/9.3.1/../../../../arm-none-eabi/lib/thumb/v7e-m+fp/hard/libg_nano.a(lib_a-stdio.o)
                0x0000000000006886                __sclose
 *fill*         0x000000000000688e        0x2 
 .text._write_r
                0x0000000000006890       0x24 /home/ramesh720/Desktop/Mtech/FPGA_LAB/ass5_installs/qorc-sdk/arm_toolchain_install/gcc-arm-none-eabi-9-2020-q2-update/bin/../lib/gcc/arm-none-eabi/9.3.1/../../../../arm-none-eabi/lib/thumb/v7e-m+fp/hard/libg_nano.a(lib_a-writer.o)
                0x0000000000006890                _write_r
 .text._close_r
                0x00000000000068b4       0x20 /home/ramesh720/Desktop/Mtech/FPGA_LAB/ass5_installs/qorc-sdk/arm_toolchain_install/gcc-arm-none-eabi-9-2020-q2-update/bin/../lib/gcc/arm-none-eabi/9.3.1/../../../../arm-none-eabi/lib/thumb/v7e-m+fp/hard/libg_nano.a(lib_a-closer.o)
                0x00000000000068b4                _close_r
 .text._fstat_r
                0x00000000000068d4       0x24 /home/ramesh720/Desktop/Mtech/FPGA_LAB/ass5_installs/qorc-sdk/arm_toolchain_install/gcc-arm-none-eabi-9-2020-q2-update/bin/../lib/gcc/arm-none-eabi/9.3.1/../../../../arm-none-eabi/lib/thumb/v7e-m+fp/hard/libg_nano.a(lib_a-fstatr.o)
                0x00000000000068d4                _fstat_r
 .text._isatty_r
                0x00000000000068f8       0x20 /home/ramesh720/Desktop/Mtech/FPGA_LAB/ass5_installs/qorc-sdk/arm_toolchain_install/gcc-arm-none-eabi-9-2020-q2-update/bin/../lib/gcc/arm-none-eabi/9.3.1/../../../../arm-none-eabi/lib/thumb/v7e-m+fp/hard/libg_nano.a(lib_a-isattyr.o)
                0x00000000000068f8                _isatty_r
 .text._lseek_r
                0x0000000000006918       0x24 /home/ramesh720/Desktop/Mtech/FPGA_LAB/ass5_installs/qorc-sdk/arm_toolchain_install/gcc-arm-none-eabi-9-2020-q2-update/bin/../lib/gcc/arm-none-eabi/9.3.1/../../../../arm-none-eabi/lib/thumb/v7e-m+fp/hard/libg_nano.a(lib_a-lseekr.o)
                0x0000000000006918                _lseek_r
 *fill*         0x000000000000693c        0x4 
 .text          0x0000000000006940       0xa0 /home/ramesh720/Desktop/Mtech/FPGA_LAB/ass5_installs/qorc-sdk/arm_toolchain_install/gcc-arm-none-eabi-9-2020-q2-update/bin/../lib/gcc/arm-none-eabi/9.3.1/../../../../arm-none-eabi/lib/thumb/v7e-m+fp/hard/libg_nano.a(lib_a-memchr.o)
                0x0000000000006940                memchr
 .text.memmove  0x00000000000069e0       0x34 /home/ramesh720/Desktop/Mtech/FPGA_LAB/ass5_installs/qorc-sdk/arm_toolchain_install/gcc-arm-none-eabi-9-2020-q2-update/bin/../lib/gcc/arm-none-eabi/9.3.1/../../../../arm-none-eabi/lib/thumb/v7e-m+fp/hard/libg_nano.a(lib_a-memmove.o)
                0x00000000000069e0                memmove
 .text._realloc_r
                0x0000000000006a14       0x4c /home/ramesh720/Desktop/Mtech/FPGA_LAB/ass5_installs/qorc-sdk/arm_toolchain_install/gcc-arm-none-eabi-9-2020-q2-update/bin/../lib/gcc/arm-none-eabi/9.3.1/../../../../arm-none-eabi/lib/thumb/v7e-m+fp/hard/libg_nano.a(lib_a-nano-reallocr.o)
                0x0000000000006a14                _realloc_r
 .text._read_r  0x0000000000006a60       0x24 /home/ramesh720/Desktop/Mtech/FPGA_LAB/ass5_installs/qorc-sdk/arm_toolchain_install/gcc-arm-none-eabi-9-2020-q2-update/bin/../lib/gcc/arm-none-eabi/9.3.1/../../../../arm-none-eabi/lib/thumb/v7e-m+fp/hard/libg_nano.a(lib_a-readr.o)
                0x0000000000006a60                _read_r
 .text._malloc_usable_size_r
                0x0000000000006a84       0x10 /home/ramesh720/Desktop/Mtech/FPGA_LAB/ass5_installs/qorc-sdk/arm_toolchain_install/gcc-arm-none-eabi-9-2020-q2-update/bin/../lib/gcc/arm-none-eabi/9.3.1/../../../../arm-none-eabi/lib/thumb/v7e-m+fp/hard/libg_nano.a(lib_a-nano-msizer.o)
                0x0000000000006a84                _malloc_usable_size_r
 .text._fstat   0x0000000000006a94       0x10 /home/ramesh720/Desktop/Mtech/FPGA_LAB/ass5_installs/qorc-sdk/arm_toolchain_install/gcc-arm-none-eabi-9-2020-q2-update/bin/../lib/gcc/arm-none-eabi/9.3.1/../../../../arm-none-eabi/lib/thumb/v7e-m+fp/hard/libnosys.a(fstat.o)
                0x0000000000006a94                _fstat
 .text._isatty  0x0000000000006aa4       0x10 /home/ramesh720/Desktop/Mtech/FPGA_LAB/ass5_installs/qorc-sdk/arm_toolchain_install/gcc-arm-none-eabi-9-2020-q2-update/bin/../lib/gcc/arm-none-eabi/9.3.1/../../../../arm-none-eabi/lib/thumb/v7e-m+fp/hard/libnosys.a(isatty.o)
                0x0000000000006aa4                _isatty
 .text._sbrk    0x0000000000006ab4       0x1c /home/ramesh720/Desktop/Mtech/FPGA_LAB/ass5_installs/qorc-sdk/arm_toolchain_install/gcc-arm-none-eabi-9-2020-q2-update/bin/../lib/gcc/arm-none-eabi/9.3.1/../../../../arm-none-eabi/lib/thumb/v7e-m+fp/hard/libnosys.a(sbrk.o)
                0x0000000000006ab4                _sbrk
 .text._exit    0x0000000000006ad0        0x4 /home/ramesh720/Desktop/Mtech/FPGA_LAB/ass5_installs/qorc-sdk/arm_toolchain_install/gcc-arm-none-eabi-9-2020-q2-update/bin/../lib/gcc/arm-none-eabi/9.3.1/../../../../arm-none-eabi/lib/thumb/v7e-m+fp/hard/libnosys.a(_exit.o)
                0x0000000000006ad0                _exit
 *(.init)
 .init          0x0000000000006ad4        0x4 /home/ramesh720/Desktop/Mtech/FPGA_LAB/ass5_installs/qorc-sdk/arm_toolchain_install/gcc-arm-none-eabi-9-2020-q2-update/bin/../lib/gcc/arm-none-eabi/9.3.1/thumb/v7e-m+fp/hard/crti.o
                0x0000000000006ad4                _init
 .init          0x0000000000006ad8        0x8 /home/ramesh720/Desktop/Mtech/FPGA_LAB/ass5_installs/qorc-sdk/arm_toolchain_install/gcc-arm-none-eabi-9-2020-q2-update/bin/../lib/gcc/arm-none-eabi/9.3.1/thumb/v7e-m+fp/hard/crtn.o
 *(.fini)
 .fini          0x0000000000006ae0        0x4 /home/ramesh720/Desktop/Mtech/FPGA_LAB/ass5_installs/qorc-sdk/arm_toolchain_install/gcc-arm-none-eabi-9-2020-q2-update/bin/../lib/gcc/arm-none-eabi/9.3.1/thumb/v7e-m+fp/hard/crti.o
                0x0000000000006ae0                _fini